  Determining projects to restore...
  All projects are up-to-date for restore.
C:\Users\thris\OneDrive\Desktop\Employee\Migrations\20251211135902_manager user.cs(10,26): warning CS8981: The type name 'manageruser' only contains lower-cased ascii characters. Such names may become reserved for the language. [C:\Users\thris\OneDrive\Desktop\Employee\UserRoles.csproj]
C:\Users\thris\OneDrive\Desktop\Employee\Migrations\20251211135902_manager user.Designer.cs(16,19): warning CS8981: The type name 'manageruser' only contains lower-cased ascii characters. Such names may become reserved for the language. [C:\Users\thris\OneDrive\Desktop\Employee\UserRoles.csproj]
C:\Users\thris\OneDrive\Desktop\Employee\Migrations\20251212070108_adminmanagerpass.cs(8,26): warning CS8981: The type name 'adminmanagerpass' only contains lower-cased ascii characters. Such names may become reserved for the language. [C:\Users\thris\OneDrive\Desktop\Employee\UserRoles.csproj]
C:\Users\thris\OneDrive\Desktop\Employee\Migrations\20251212070108_adminmanagerpass.Designer.cs(16,19): warning CS8981: The type name 'adminmanagerpass' only contains lower-cased ascii characters. Such names may become reserved for the language. [C:\Users\thris\OneDrive\Desktop\Employee\UserRoles.csproj]
C:\Users\thris\OneDrive\Desktop\Employee\Migrations\20260126125249_database add.cs(8,26): warning CS8981: The type name 'databaseadd' only contains lower-cased ascii characters. Such names may become reserved for the language. [C:\Users\thris\OneDrive\Desktop\Employee\UserRoles.csproj]
C:\Users\thris\OneDrive\Desktop\Employee\Migrations\20260126125249_database add.Designer.cs(16,19): warning CS8981: The type name 'databaseadd' only contains lower-cased ascii characters. Such names may become reserved for the language. [C:\Users\thris\OneDrive\Desktop\Employee\UserRoles.csproj]
C:\Users\thris\OneDrive\Desktop\Employee\Migrations\20251226174717_save todayreports.cs(9,26): warning CS8981: The type name 'savetodayreports' only contains lower-cased ascii characters. Such names may become reserved for the language. [C:\Users\thris\OneDrive\Desktop\Employee\UserRoles.csproj]
C:\Users\thris\OneDrive\Desktop\Employee\Migrations\20251226174717_save todayreports.Designer.cs(16,19): warning CS8981: The type name 'savetodayreports' only contains lower-cased ascii characters. Such names may become reserved for the language. [C:\Users\thris\OneDrive\Desktop\Employee\UserRoles.csproj]
C:\Users\thris\OneDrive\Desktop\Employee\ViewModels\PerformanceDashboardViewModel.cs(106,23): warning CS8618: Non-nullable property 'Id' must contain a non-null value when exiting constructor. Consider adding the 'required' modifier or declaring the property as nullable. [C:\Users\thris\OneDrive\Desktop\Employee\UserRoles.csproj]
C:\Users\thris\OneDrive\Desktop\Employee\ViewModels\PerformanceDashboardViewModel.cs(107,23): warning CS8618: Non-nullable property 'Name' must contain a non-null value when exiting constructor. Consider adding the 'required' modifier or declaring the property as nullable. [C:\Users\thris\OneDrive\Desktop\Employee\UserRoles.csproj]
C:\Users\thris\OneDrive\Desktop\Employee\ViewModels\PerformanceDashboardViewModel.cs(108,23): warning CS8618: Non-nullable property 'Team' must contain a non-null value when exiting constructor. Consider adding the 'required' modifier or declaring the property as nullable. [C:\Users\thris\OneDrive\Desktop\Employee\UserRoles.csproj]
C:\Users\thris\OneDrive\Desktop\Employee\ViewModels\PerformanceDashboardViewModel.cs(109,23): warning CS8618: Non-nullable property 'Role' must contain a non-null value when exiting constructor. Consider adding the 'required' modifier or declaring the property as nullable. [C:\Users\thris\OneDrive\Desktop\Employee\UserRoles.csproj]
C:\Users\thris\OneDrive\Desktop\Employee\ViewModels\PerformanceDashboardViewModel.cs(96,23): warning CS8618: Non-nullable property 'EmployeeId' must contain a non-null value when exiting constructor. Consider adding the 'required' modifier or declaring the property as nullable. [C:\Users\thris\OneDrive\Desktop\Employee\UserRoles.csproj]
C:\Users\thris\OneDrive\Desktop\Employee\ViewModels\PerformanceDashboardViewModel.cs(97,23): warning CS8618: Non-nullable property 'Team' must contain a non-null value when exiting constructor. Consider adding the 'required' modifier or declaring the property as nullable. [C:\Users\thris\OneDrive\Desktop\Employee\UserRoles.csproj]
C:\Users\thris\OneDrive\Desktop\Employee\ViewModels\PerformanceDashboardViewModel.cs(98,23): warning CS8618: Non-nullable property 'Role' must contain a non-null value when exiting constructor. Consider adding the 'required' modifier or declaring the property as nullable. [C:\Users\thris\OneDrive\Desktop\Employee\UserRoles.csproj]
C:\Users\thris\OneDrive\Desktop\Employee\ViewModels\PerformanceDashboardViewModel.cs(101,23): warning CS8618: Non-nullable property 'Notes' must contain a non-null value when exiting constructor. Consider adding the 'required' modifier or declaring the property as nullable. [C:\Users\thris\OneDrive\Desktop\Employee\UserRoles.csproj]
C:\Users\thris\OneDrive\Desktop\Employee\ViewModels\PerformanceDashboardViewModel.cs(74,23): warning CS8618: Non-nullable property 'TeamName' must contain a non-null value when exiting constructor. Consider adding the 'required' modifier or declaring the property as nullable. [C:\Users\thris\OneDrive\Desktop\Employee\UserRoles.csproj]
C:\Users\thris\OneDrive\Desktop\Employee\ViewModels\PerformanceDashboardViewModel.cs(76,23): warning CS8618: Non-nullable property 'Color' must contain a non-null value when exiting constructor. Consider adding the 'required' modifier or declaring the property as nullable. [C:\Users\thris\OneDrive\Desktop\Employee\UserRoles.csproj]
C:\Users\thris\OneDrive\Desktop\Employee\ViewModels\PerformanceDashboardViewModel.cs(67,23): warning CS8618: Non-nullable property 'Label' must contain a non-null value when exiting constructor. Consider adding the 'required' modifier or declaring the property as nullable. [C:\Users\thris\OneDrive\Desktop\Employee\UserRoles.csproj]
C:\Users\thris\OneDrive\Desktop\Employee\ViewModels\PerformanceDashboardViewModel.cs(69,23): warning CS8618: Non-nullable property 'Color' must contain a non-null value when exiting constructor. Consider adding the 'required' modifier or declaring the property as nullable. [C:\Users\thris\OneDrive\Desktop\Employee\UserRoles.csproj]
C:\Users\thris\OneDrive\Desktop\Employee\ViewModels\PerformanceDashboardViewModel.cs(50,23): warning CS8618: Non-nullable property 'UserId' must contain a non-null value when exiting constructor. Consider adding the 'required' modifier or declaring the property as nullable. [C:\Users\thris\OneDrive\Desktop\Employee\UserRoles.csproj]
C:\Users\thris\OneDrive\Desktop\Employee\ViewModels\PerformanceDashboardViewModel.cs(51,23): warning CS8618: Non-nullable property 'Name' must contain a non-null value when exiting constructor. Consider adding the 'required' modifier or declaring the property as nullable. [C:\Users\thris\OneDrive\Desktop\Employee\UserRoles.csproj]
C:\Users\thris\OneDrive\Desktop\Employee\ViewModels\PerformanceDashboardViewModel.cs(52,23): warning CS8618: Non-nullable property 'Role' must contain a non-null value when exiting constructor. Consider adding the 'required' modifier or declaring the property as nullable. [C:\Users\thris\OneDrive\Desktop\Employee\UserRoles.csproj]
C:\Users\thris\OneDrive\Desktop\Employee\ViewModels\PerformanceDashboardViewModel.cs(53,23): warning CS8618: Non-nullable property 'Team' must contain a non-null value when exiting constructor. Consider adding the 'required' modifier or declaring the property as nullable. [C:\Users\thris\OneDrive\Desktop\Employee\UserRoles.csproj]
C:\Users\thris\OneDrive\Desktop\Employee\ViewModels\PerformanceDashboardViewModel.cs(55,23): warning CS8618: Non-nullable property 'TasksDone' must contain a non-null value when exiting constructor. Consider adding the 'required' modifier or declaring the property as nullable. [C:\Users\thris\OneDrive\Desktop\Employee\UserRoles.csproj]
C:\Users\thris\OneDrive\Desktop\Employee\ViewModels\PerformanceDashboardViewModel.cs(57,23): warning CS8618: Non-nullable property 'Status' must contain a non-null value when exiting constructor. Consider adding the 'required' modifier or declaring the property as nullable. [C:\Users\thris\OneDrive\Desktop\Employee\UserRoles.csproj]
C:\Users\thris\OneDrive\Desktop\Employee\ViewModels\PerformanceDashboardViewModel.cs(58,23): warning CS8618: Non-nullable property 'StatusClass' must contain a non-null value when exiting constructor. Consider adding the 'required' modifier or declaring the property as nullable. [C:\Users\thris\OneDrive\Desktop\Employee\UserRoles.csproj]
C:\Users\thris\OneDrive\Desktop\Employee\ViewModels\PerformanceDashboardViewModel.cs(59,23): warning CS8618: Non-nullable property 'Color' must contain a non-null value when exiting constructor. Consider adding the 'required' modifier or declaring the property as nullable. [C:\Users\thris\OneDrive\Desktop\Employee\UserRoles.csproj]
C:\Users\thris\OneDrive\Desktop\Employee\ViewModels\PerformanceDashboardViewModel.cs(60,23): warning CS8618: Non-nullable property 'Initials' must contain a non-null value when exiting constructor. Consider adding the 'required' modifier or declaring the property as nullable. [C:\Users\thris\OneDrive\Desktop\Employee\UserRoles.csproj]
C:\Users\thris\OneDrive\Desktop\Employee\ViewModels\PerformanceDashboardViewModel.cs(61,23): warning CS8618: Non-nullable property 'AvatarColor' must contain a non-null value when exiting constructor. Consider adding the 'required' modifier or declaring the property as nullable. [C:\Users\thris\OneDrive\Desktop\Employee\UserRoles.csproj]
C:\Users\thris\OneDrive\Desktop\Employee\ViewModels\PerformanceDashboardViewModel.cs(44,23): warning CS8618: Non-nullable property 'Month' must contain a non-null value when exiting constructor. Consider adding the 'required' modifier or declaring the property as nullable. [C:\Users\thris\OneDrive\Desktop\Employee\UserRoles.csproj]
C:\Users\thris\OneDrive\Desktop\Employee\ViewModels\PerformanceDashboardViewModel.cs(19,23): warning CS8618: Non-nullable property 'SearchQuery' must contain a non-null value when exiting constructor. Consider adding the 'required' modifier or declaring the property as nullable. [C:\Users\thris\OneDrive\Desktop\Employee\UserRoles.csproj]
C:\Users\thris\OneDrive\Desktop\Employee\Views\Shared\_Layout.cshtml(39,9): warning CS8602: Dereference of a possibly null reference. [C:\Users\thris\OneDrive\Desktop\Employee\UserRoles.csproj]
C:\Users\thris\OneDrive\Desktop\Employee\Controllers\UsersController.cs(258,84): warning CS8604: Possible null reference argument for parameter 'rootManagerId' in 'Task<List<string>> IUserHierarchyService.GetVisibleManagerIdsAsync(string rootManagerId)'. [C:\Users\thris\OneDrive\Desktop\Employee\UserRoles.csproj]
C:\Users\thris\OneDrive\Desktop\Employee\Controllers\UsersController.cs(277,84): warning CS8604: Possible null reference argument for parameter 'rootManagerId' in 'Task<List<string>> IUserHierarchyService.GetVisibleManagerIdsAsync(string rootManagerId)'. [C:\Users\thris\OneDrive\Desktop\Employee\UserRoles.csproj]
C:\Users\thris\OneDrive\Desktop\Employee\Controllers\UsersController.cs(280,41): warning CS8604: Possible null reference argument for parameter 'item' in 'bool List<string>.Contains(string item)'. [C:\Users\thris\OneDrive\Desktop\Employee\UserRoles.csproj]
C:\Users\thris\OneDrive\Desktop\Employee\DTOs\UpdateTaskDto.cs(9,23): warning CS8618: Non-nullable property 'Title' must contain a non-null value when exiting constructor. Consider adding the 'required' modifier or declaring the property as nullable. [C:\Users\thris\OneDrive\Desktop\Employee\UserRoles.csproj]
C:\Users\thris\OneDrive\Desktop\Employee\DTOs\UpdateTaskDto.cs(10,23): warning CS8618: Non-nullable property 'Description' must contain a non-null value when exiting constructor. Consider adding the 'required' modifier or declaring the property as nullable. [C:\Users\thris\OneDrive\Desktop\Employee\UserRoles.csproj]
C:\Users\thris\OneDrive\Desktop\Employee\DTOs\TaskDtos.cs(77,23): warning CS8618: Non-nullable property 'TeamName' must contain a non-null value when exiting constructor. Consider adding the 'required' modifier or declaring the property as nullable. [C:\Users\thris\OneDrive\Desktop\Employee\UserRoles.csproj]
C:\Users\thris\OneDrive\Desktop\Employee\DTOs\TaskDtos.cs(52,23): warning CS8618: Non-nullable property 'TeamName' must contain a non-null value when exiting constructor. Consider adding the 'required' modifier or declaring the property as nullable. [C:\Users\thris\OneDrive\Desktop\Employee\UserRoles.csproj]
C:\Users\thris\OneDrive\Desktop\Employee\DTOs\TaskDtos.cs(25,26): warning CS8618: Non-nullable property 'TaskIds' must contain a non-null value when exiting constructor. Consider adding the 'required' modifier or declaring the property as nullable. [C:\Users\thris\OneDrive\Desktop\Employee\UserRoles.csproj]
C:\Users\thris\OneDrive\Desktop\Employee\DTOs\TaskDtos.cs(26,23): warning CS8618: Non-nullable property 'UserId' must contain a non-null value when exiting constructor. Consider adding the 'required' modifier or declaring the property as nullable. [C:\Users\thris\OneDrive\Desktop\Employee\UserRoles.csproj]
C:\Users\thris\OneDrive\Desktop\Employee\Controllers\UsersController.cs(360,84): warning CS8604: Possible null reference argument for parameter 'rootManagerId' in 'Task<List<string>> IUserHierarchyService.GetVisibleManagerIdsAsync(string rootManagerId)'. [C:\Users\thris\OneDrive\Desktop\Employee\UserRoles.csproj]
C:\Users\thris\OneDrive\Desktop\Employee\Controllers\UsersController.cs(363,41): warning CS8604: Possible null reference argument for parameter 'item' in 'bool List<string>.Contains(string item)'. [C:\Users\thris\OneDrive\Desktop\Employee\UserRoles.csproj]
C:\Users\thris\OneDrive\Desktop\Employee\Controllers\UsersController.cs(812,20): warning CS8600: Converting null literal or possible null value to non-nullable type. [C:\Users\thris\OneDrive\Desktop\Employee\UserRoles.csproj]
C:\Users\thris\OneDrive\Desktop\Employee\Controllers\UsersController.cs(813,21): warning CS8600: Converting null literal or possible null value to non-nullable type. [C:\Users\thris\OneDrive\Desktop\Employee\UserRoles.csproj]
C:\Users\thris\OneDrive\Desktop\Employee\Controllers\UsersController.cs(816,64): warning CS8604: Possible null reference argument for parameter 'email' in 'Task<Users?> UserManager<Users>.FindByEmailAsync(string email)'. [C:\Users\thris\OneDrive\Desktop\Employee\UserRoles.csproj]
C:\Users\thris\OneDrive\Desktop\Employee\Views\Users\Managers.cshtml(5,21): warning CS8600: Converting null literal or possible null value to non-nullable type. [C:\Users\thris\OneDrive\Desktop\Employee\UserRoles.csproj]
C:\Users\thris\OneDrive\Desktop\Employee\ViewModels\VerfiyEmailViewmodel.cs(9,23): warning CS8618: Non-nullable property 'Email' must contain a non-null value when exiting constructor. Consider adding the 'required' modifier or declaring the property as nullable. [C:\Users\thris\OneDrive\Desktop\Employee\UserRoles.csproj]
C:\Users\thris\OneDrive\Desktop\Employee\ViewModels\TaskHistoryDto.cs(19,23): warning CS8618: Non-nullable property 'ChangedByUserId' must contain a non-null value when exiting constructor. Consider adding the 'required' modifier or declaring the property as nullable. [C:\Users\thris\OneDrive\Desktop\Employee\UserRoles.csproj]
C:\Users\thris\OneDrive\Desktop\Employee\ViewModels\TaskHistoryDto.cs(20,23): warning CS8618: Non-nullable property 'ChangedByUserName' must contain a non-null value when exiting constructor. Consider adding the 'required' modifier or declaring the property as nullable. [C:\Users\thris\OneDrive\Desktop\Employee\UserRoles.csproj]
C:\Users\thris\OneDrive\Desktop\Employee\ViewModels\RenameColumnRequest.cs(6,23): warning CS8618: Non-nullable property 'Name' must contain a non-null value when exiting constructor. Consider adding the 'required' modifier or declaring the property as nullable. [C:\Users\thris\OneDrive\Desktop\Employee\UserRoles.csproj]
C:\Users\thris\OneDrive\Desktop\Employee\ViewModels\RegisterViewModel.cs(8,23): warning CS8618: Non-nullable property 'Name' must contain a non-null value when exiting constructor. Consider adding the 'required' modifier or declaring the property as nullable. [C:\Users\thris\OneDrive\Desktop\Employee\UserRoles.csproj]
C:\Users\thris\OneDrive\Desktop\Employee\ViewModels\RegisterViewModel.cs(12,23): warning CS8618: Non-nullable property 'Email' must contain a non-null value when exiting constructor. Consider adding the 'required' modifier or declaring the property as nullable. [C:\Users\thris\OneDrive\Desktop\Employee\UserRoles.csproj]
C:\Users\thris\OneDrive\Desktop\Employee\ViewModels\RegisterViewModel.cs(18,23): warning CS8618: Non-nullable property 'Password' must contain a non-null value when exiting constructor. Consider adding the 'required' modifier or declaring the property as nullable. [C:\Users\thris\OneDrive\Desktop\Employee\UserRoles.csproj]
C:\Users\thris\OneDrive\Desktop\Employee\ViewModels\RegisterViewModel.cs(23,23): warning CS8618: Non-nullable property 'ConfirmPassword' must contain a non-null value when exiting constructor. Consider adding the 'required' modifier or declaring the property as nullable. [C:\Users\thris\OneDrive\Desktop\Employee\UserRoles.csproj]
C:\Users\thris\OneDrive\Desktop\Employee\ViewModels\ProfileViewModel.cs(11,23): warning CS8618: Non-nullable property 'FirstName' must contain a non-null value when exiting constructor. Consider adding the 'required' modifier or declaring the property as nullable. [C:\Users\thris\OneDrive\Desktop\Employee\UserRoles.csproj]
C:\Users\thris\OneDrive\Desktop\Employee\ViewModels\ProfileViewModel.cs(16,23): warning CS8618: Non-nullable property 'Email' must contain a non-null value when exiting constructor. Consider adding the 'required' modifier or declaring the property as nullable. [C:\Users\thris\OneDrive\Desktop\Employee\UserRoles.csproj]
C:\Users\thris\OneDrive\Desktop\Employee\ViewModels\ProfileViewModel.cs(21,23): warning CS8618: Non-nullable property 'MobileNumber' must contain a non-null value when exiting constructor. Consider adding the 'required' modifier or declaring the property as nullable. [C:\Users\thris\OneDrive\Desktop\Employee\UserRoles.csproj]
C:\Users\thris\OneDrive\Desktop\Employee\ViewModels\ProfileViewModel.cs(24,23): warning CS8618: Non-nullable property 'Address' must contain a non-null value when exiting constructor. Consider adding the 'required' modifier or declaring the property as nullable. [C:\Users\thris\OneDrive\Desktop\Employee\UserRoles.csproj]
C:\Users\thris\OneDrive\Desktop\Employee\ViewModels\ProfileViewModel.cs(32,23): warning CS8618: Non-nullable property 'UserId' must contain a non-null value when exiting constructor. Consider adding the 'required' modifier or declaring the property as nullable. [C:\Users\thris\OneDrive\Desktop\Employee\UserRoles.csproj]
C:\Users\thris\OneDrive\Desktop\Employee\ViewModels\LoginViewModel.cs(9,23): warning CS8618: Non-nullable property 'Email' must contain a non-null value when exiting constructor. Consider adding the 'required' modifier or declaring the property as nullable. [C:\Users\thris\OneDrive\Desktop\Employee\UserRoles.csproj]
C:\Users\thris\OneDrive\Desktop\Employee\ViewModels\LoginViewModel.cs(13,23): warning CS8618: Non-nullable property 'Password' must contain a non-null value when exiting constructor. Consider adding the 'required' modifier or declaring the property as nullable. [C:\Users\thris\OneDrive\Desktop\Employee\UserRoles.csproj]
C:\Users\thris\OneDrive\Desktop\Employee\ViewModels\AddReportPanelViewModel.cs(6,23): warning CS8618: Non-nullable property 'TargetUserId' must contain a non-null value when exiting constructor. Consider adding the 'required' modifier or declaring the property as nullable. [C:\Users\thris\OneDrive\Desktop\Employee\UserRoles.csproj]
C:\Users\thris\OneDrive\Desktop\Employee\ViewModels\AddReportPanelViewModel.cs(7,23): warning CS8618: Non-nullable property 'ReportOwnerName' must contain a non-null value when exiting constructor. Consider adding the 'required' modifier or declaring the property as nullable. [C:\Users\thris\OneDrive\Desktop\Employee\UserRoles.csproj]
C:\Users\thris\OneDrive\Desktop\Employee\ViewModels\AddReportPanelViewModel.cs(8,23): warning CS8618: Non-nullable property 'Date' must contain a non-null value when exiting constructor. Consider adding the 'required' modifier or declaring the property as nullable. [C:\Users\thris\OneDrive\Desktop\Employee\UserRoles.csproj]
C:\Users\thris\OneDrive\Desktop\Employee\ViewModels\AddColumnRequest.cs(9,23): warning CS8618: Non-nullable property 'Team' must contain a non-null value when exiting constructor. Consider adding the 'required' modifier or declaring the property as nullable. [C:\Users\thris\OneDrive\Desktop\Employee\UserRoles.csproj]
C:\Users\thris\OneDrive\Desktop\Employee\ViewModels\AddColumnRequest.cs(12,23): warning CS8618: Non-nullable property 'ColumnName' must contain a non-null value when exiting constructor. Consider adding the 'required' modifier or declaring the property as nullable. [C:\Users\thris\OneDrive\Desktop\Employee\UserRoles.csproj]
C:\Users\thris\OneDrive\Desktop\Employee\Models\OrgNodeViewModel.cs(5,23): warning CS8618: Non-nullable property 'Id' must contain a non-null value when exiting constructor. Consider adding the 'required' modifier or declaring the property as nullable. [C:\Users\thris\OneDrive\Desktop\Employee\UserRoles.csproj]
C:\Users\thris\OneDrive\Desktop\Employee\Models\OrgNodeViewModel.cs(6,23): warning CS8618: Non-nullable property 'Name' must contain a non-null value when exiting constructor. Consider adding the 'required' modifier or declaring the property as nullable. [C:\Users\thris\OneDrive\Desktop\Employee\UserRoles.csproj]
C:\Users\thris\OneDrive\Desktop\Employee\Models\OrgNodeViewModel.cs(7,23): warning CS8618: Non-nullable property 'Role' must contain a non-null value when exiting constructor. Consider adding the 'required' modifier or declaring the property as nullable. [C:\Users\thris\OneDrive\Desktop\Employee\UserRoles.csproj]
C:\Users\thris\OneDrive\Desktop\Employee\Controllers\UsersController.cs(1097,61): warning CS8625: Cannot convert null literal to non-nullable reference type. [C:\Users\thris\OneDrive\Desktop\Employee\UserRoles.csproj]
C:\Users\thris\OneDrive\Desktop\Employee\Controllers\UsersController.cs(1116,67): warning CS8625: Cannot convert null literal to non-nullable reference type. [C:\Users\thris\OneDrive\Desktop\Employee\UserRoles.csproj]
C:\Users\thris\OneDrive\Desktop\Employee\Views\Users\ConfirmDeleteManager.cshtml(17,55): warning CS8602: Dereference of a possibly null reference. [C:\Users\thris\OneDrive\Desktop\Employee\UserRoles.csproj]
C:\Users\thris\OneDrive\Desktop\Employee\Views\Users\ConfirmDeleteManager.cshtml(24,36): warning CS8604: Possible null reference argument for parameter 'source' in 'IEnumerable<Users> Enumerable.Where<Users>(IEnumerable<Users> source, Func<Users, bool> predicate)'. [C:\Users\thris\OneDrive\Desktop\Employee\UserRoles.csproj]
C:\Users\thris\OneDrive\Desktop\Employee\Views\Users\ConfirmDeleteManager.cshtml(80,55): warning CS8602: Dereference of a possibly null reference. [C:\Users\thris\OneDrive\Desktop\Employee\UserRoles.csproj]
C:\Users\thris\OneDrive\Desktop\Employee\Services\TaskService.cs(719,86): warning CS8604: Possible null reference argument for parameter 'item' in 'bool List<string>.Contains(string item)'. [C:\Users\thris\OneDrive\Desktop\Employee\UserRoles.csproj]
C:\Users\thris\OneDrive\Desktop\Employee\Views\Analytics\PerformanceDashboard.cshtml(465,6): error CS0103: The name 'keyframes' does not exist in the current context [C:\Users\thris\OneDrive\Desktop\Employee\UserRoles.csproj]
C:\Users\thris\OneDrive\Desktop\Employee\Services\TaskHistoryService.cs(218,39): warning CS8601: Possible null reference assignment. [C:\Users\thris\OneDrive\Desktop\Employee\UserRoles.csproj]
C:\Users\thris\OneDrive\Desktop\Employee\Services\TaskHistoryService.cs(219,41): warning CS8602: Dereference of a possibly null reference. [C:\Users\thris\OneDrive\Desktop\Employee\UserRoles.csproj]
C:\Users\thris\OneDrive\Desktop\Employee\Controllers\TeamsController.cs(114,27): warning CS8618: Non-nullable property 'Name' must contain a non-null value when exiting constructor. Consider adding the 'required' modifier or declaring the property as nullable. [C:\Users\thris\OneDrive\Desktop\Employee\UserRoles.csproj]
C:\Users\thris\OneDrive\Desktop\Employee\Services\TaskService.cs(881,79): warning CS8601: Possible null reference assignment. [C:\Users\thris\OneDrive\Desktop\Employee\UserRoles.csproj]
C:\Users\thris\OneDrive\Desktop\Employee\Services\TaskService.cs(897,81): warning CS8601: Possible null reference assignment. [C:\Users\thris\OneDrive\Desktop\Employee\UserRoles.csproj]
C:\Users\thris\OneDrive\Desktop\Employee\Services\TaskService.cs(903,84): warning CS8601: Possible null reference assignment. [C:\Users\thris\OneDrive\Desktop\Employee\UserRoles.csproj]
C:\Users\thris\OneDrive\Desktop\Employee\Services\TaskService.cs(910,80): warning CS8601: Possible null reference assignment. [C:\Users\thris\OneDrive\Desktop\Employee\UserRoles.csproj]
C:\Users\thris\OneDrive\Desktop\Employee\Controllers\CommunicationController.cs(41,43): warning CS8602: Dereference of a possibly null reference. [C:\Users\thris\OneDrive\Desktop\Employee\UserRoles.csproj]
C:\Users\thris\OneDrive\Desktop\Employee\Controllers\CommunicationController.cs(59,43): warning CS8602: Dereference of a possibly null reference. [C:\Users\thris\OneDrive\Desktop\Employee\UserRoles.csproj]
C:\Users\thris\OneDrive\Desktop\Employee\Controllers\ReportsController.cs(99,39): warning CS8601: Possible null reference assignment. [C:\Users\thris\OneDrive\Desktop\Employee\UserRoles.csproj]
C:\Users\thris\OneDrive\Desktop\Employee\Controllers\OrgChartController.cs(63,30): warning CS8600: Converting null literal or possible null value to non-nullable type. [C:\Users\thris\OneDrive\Desktop\Employee\UserRoles.csproj]
C:\Users\thris\OneDrive\Desktop\Employee\Controllers\TaskMoveRequestsController.cs(115,74): warning CS8604: Possible null reference argument for parameter 'json' in 'List<MoveRequest>? JsonSerializer.Deserialize<List<MoveRequest>>(string json, JsonSerializerOptions? options = null)'. [C:\Users\thris\OneDrive\Desktop\Employee\UserRoles.csproj]
C:\Users\thris\OneDrive\Desktop\Employee\Controllers\TaskMoveRequestsController.cs(161,74): warning CS8604: Possible null reference argument for parameter 'json' in 'List<MoveRequest>? JsonSerializer.Deserialize<List<MoveRequest>>(string json, JsonSerializerOptions? options = null)'. [C:\Users\thris\OneDrive\Desktop\Employee\UserRoles.csproj]
C:\Users\thris\OneDrive\Desktop\Employee\Controllers\ProfileController.cs(37,29): warning CS8601: Possible null reference assignment. [C:\Users\thris\OneDrive\Desktop\Employee\UserRoles.csproj]
C:\Users\thris\OneDrive\Desktop\Employee\Controllers\ProfileController.cs(38,27): warning CS8601: Possible null reference assignment. [C:\Users\thris\OneDrive\Desktop\Employee\UserRoles.csproj]
C:\Users\thris\OneDrive\Desktop\Employee\Controllers\ProfileController.cs(39,25): warning CS8601: Possible null reference assignment. [C:\Users\thris\OneDrive\Desktop\Employee\UserRoles.csproj]
C:\Users\thris\OneDrive\Desktop\Employee\Controllers\ProfileController.cs(40,32): warning CS8601: Possible null reference assignment. [C:\Users\thris\OneDrive\Desktop\Employee\UserRoles.csproj]
C:\Users\thris\OneDrive\Desktop\Employee\Controllers\ProfileController.cs(59,29): warning CS8601: Possible null reference assignment. [C:\Users\thris\OneDrive\Desktop\Employee\UserRoles.csproj]
C:\Users\thris\OneDrive\Desktop\Employee\Controllers\ProfileController.cs(60,25): warning CS8601: Possible null reference assignment. [C:\Users\thris\OneDrive\Desktop\Employee\UserRoles.csproj]
C:\Users\thris\OneDrive\Desktop\Employee\Controllers\ProfileController.cs(61,27): warning CS8601: Possible null reference assignment. [C:\Users\thris\OneDrive\Desktop\Employee\UserRoles.csproj]
C:\Users\thris\OneDrive\Desktop\Employee\Controllers\ProfileController.cs(62,32): warning CS8601: Possible null reference assignment. [C:\Users\thris\OneDrive\Desktop\Employee\UserRoles.csproj]
C:\Users\thris\OneDrive\Desktop\Employee\Controllers\TaskCustomFieldsController.cs(145,51): warning CS8602: Dereference of a possibly null reference. [C:\Users\thris\OneDrive\Desktop\Employee\UserRoles.csproj]
C:\Users\thris\OneDrive\Desktop\Employee\Views\Reports\_UserReportsPanel.cshtml(14,28): warning CS8600: Converting null literal or possible null value to non-nullable type. [C:\Users\thris\OneDrive\Desktop\Employee\UserRoles.csproj]
C:\Users\thris\OneDrive\Desktop\Employee\Views\Reports\_UserReportsPanel.cshtml(15,27): warning CS8600: Converting null literal or possible null value to non-nullable type. [C:\Users\thris\OneDrive\Desktop\Employee\UserRoles.csproj]
C:\Users\thris\OneDrive\Desktop\Employee\Views\Reports\_UserReportsPanel.cshtml(16,22): warning CS8600: Converting null literal or possible null value to non-nullable type. [C:\Users\thris\OneDrive\Desktop\Employee\UserRoles.csproj]
C:\Users\thris\OneDrive\Desktop\Employee\Controllers\ProjectController.cs(305,39): warning CS8602: Dereference of a possibly null reference. [C:\Users\thris\OneDrive\Desktop\Employee\UserRoles.csproj]
C:\Users\thris\OneDrive\Desktop\Employee\Controllers\ProjectController.cs(306,43): warning CS8602: Dereference of a possibly null reference. [C:\Users\thris\OneDrive\Desktop\Employee\UserRoles.csproj]
C:\Users\thris\OneDrive\Desktop\Employee\Views\Reports\Index.cshtml(14,27): warning CS8600: Converting null literal or possible null value to non-nullable type. [C:\Users\thris\OneDrive\Desktop\Employee\UserRoles.csproj]
C:\Users\thris\OneDrive\Desktop\Employee\Controllers\TaskCustomFieldsController.cs(186,41): warning CS8600: Converting null literal or possible null value to non-nullable type. [C:\Users\thris\OneDrive\Desktop\Employee\UserRoles.csproj]
C:\Users\thris\OneDrive\Desktop\Employee\Controllers\TaskCustomFieldsController.cs(190,30): warning CS8600: Converting null literal or possible null value to non-nullable type. [C:\Users\thris\OneDrive\Desktop\Employee\UserRoles.csproj]
C:\Users\thris\OneDrive\Desktop\Employee\Controllers\TaskCustomFieldsController.cs(194,30): warning CS8600: Converting null literal or possible null value to non-nullable type. [C:\Users\thris\OneDrive\Desktop\Employee\UserRoles.csproj]
C:\Users\thris\OneDrive\Desktop\Employee\Controllers\ProjectController.cs(392,56): warning CS8602: Dereference of a possibly null reference. [C:\Users\thris\OneDrive\Desktop\Employee\UserRoles.csproj]
C:\Users\thris\OneDrive\Desktop\Employee\Controllers\ProjectController.cs(409,59): warning CS8602: Dereference of a possibly null reference. [C:\Users\thris\OneDrive\Desktop\Employee\UserRoles.csproj]
C:\Users\thris\OneDrive\Desktop\Employee\Controllers\ProjectController.cs(409,84): warning CS8602: Dereference of a possibly null reference. [C:\Users\thris\OneDrive\Desktop\Employee\UserRoles.csproj]
C:\Users\thris\OneDrive\Desktop\Employee\Controllers\ProjectController.cs(426,57): warning CS8602: Dereference of a possibly null reference. [C:\Users\thris\OneDrive\Desktop\Employee\UserRoles.csproj]
C:\Users\thris\OneDrive\Desktop\Employee\Controllers\ProjectController.cs(426,85): warning CS8602: Dereference of a possibly null reference. [C:\Users\thris\OneDrive\Desktop\Employee\UserRoles.csproj]
C:\Users\thris\OneDrive\Desktop\Employee\Controllers\ProjectController.cs(426,110): warning CS8602: Dereference of a possibly null reference. [C:\Users\thris\OneDrive\Desktop\Employee\UserRoles.csproj]
C:\Users\thris\OneDrive\Desktop\Employee\Views\Tasks\_TeamBoard.cshtml(374,43): warning CS8602: Dereference of a possibly null reference. [C:\Users\thris\OneDrive\Desktop\Employee\UserRoles.csproj]
C:\Users\thris\OneDrive\Desktop\Employee\Views\Tasks\_TeamBoard.cshtml(1796,45): warning CS0219: The variable 'isUnassigned' is assigned but its value is never used [C:\Users\thris\OneDrive\Desktop\Employee\UserRoles.csproj]
C:\Users\thris\OneDrive\Desktop\Employee\Views\Tasks\_TeamBoard.cshtml(1898,45): warning CS0219: The variable 'isUnassigned' is assigned but its value is never used [C:\Users\thris\OneDrive\Desktop\Employee\UserRoles.csproj]
C:\Users\thris\OneDrive\Desktop\Employee\Controllers\TaskReviewController.cs(222,63): warning CS8602: Dereference of a possibly null reference. [C:\Users\thris\OneDrive\Desktop\Employee\UserRoles.csproj]
C:\Users\thris\OneDrive\Desktop\Employee\Views\Reports\UserReports.cshtml(15,28): warning CS8600: Converting null literal or possible null value to non-nullable type. [C:\Users\thris\OneDrive\Desktop\Employee\UserRoles.csproj]
C:\Users\thris\OneDrive\Desktop\Employee\Views\Reports\UserReports.cshtml(16,27): warning CS8600: Converting null literal or possible null value to non-nullable type. [C:\Users\thris\OneDrive\Desktop\Employee\UserRoles.csproj]
C:\Users\thris\OneDrive\Desktop\Employee\Views\Reports\UserReports.cshtml(20,22): warning CS8600: Converting null literal or possible null value to non-nullable type. [C:\Users\thris\OneDrive\Desktop\Employee\UserRoles.csproj]
C:\Users\thris\OneDrive\Desktop\Employee\Controllers\ProjectController.cs(722,45): warning CS8601: Possible null reference assignment. [C:\Users\thris\OneDrive\Desktop\Employee\UserRoles.csproj]
C:\Users\thris\OneDrive\Desktop\Employee\Views\Tasks\_TaskBoard.cshtml(166,68): warning CS8602: Dereference of a possibly null reference. [C:\Users\thris\OneDrive\Desktop\Employee\UserRoles.csproj]
C:\Users\thris\OneDrive\Desktop\Employee\Controllers\ProjectController.cs(743,37): warning CS8601: Possible null reference assignment. [C:\Users\thris\OneDrive\Desktop\Employee\UserRoles.csproj]
C:\Users\thris\OneDrive\Desktop\Employee\Views\Tasks\_TaskCard.cshtml(187,61): warning CS8602: Dereference of a possibly null reference. [C:\Users\thris\OneDrive\Desktop\Employee\UserRoles.csproj]

Build FAILED.

C:\Users\thris\OneDrive\Desktop\Employee\Migrations\20251211135902_manager user.cs(10,26): warning CS8981: The type name 'manageruser' only contains lower-cased ascii characters. Such names may become reserved for the language. [C:\Users\thris\OneDrive\Desktop\Employee\UserRoles.csproj]
C:\Users\thris\OneDrive\Desktop\Employee\Migrations\20251211135902_manager user.Designer.cs(16,19): warning CS8981: The type name 'manageruser' only contains lower-cased ascii characters. Such names may become reserved for the language. [C:\Users\thris\OneDrive\Desktop\Employee\UserRoles.csproj]
C:\Users\thris\OneDrive\Desktop\Employee\Migrations\20251212070108_adminmanagerpass.cs(8,26): warning CS8981: The type name 'adminmanagerpass' only contains lower-cased ascii characters. Such names may become reserved for the language. [C:\Users\thris\OneDrive\Desktop\Employee\UserRoles.csproj]
C:\Users\thris\OneDrive\Desktop\Employee\Migrations\20251212070108_adminmanagerpass.Designer.cs(16,19): warning CS8981: The type name 'adminmanagerpass' only contains lower-cased ascii characters. Such names may become reserved for the language. [C:\Users\thris\OneDrive\Desktop\Employee\UserRoles.csproj]
C:\Users\thris\OneDrive\Desktop\Employee\Migrations\20260126125249_database add.cs(8,26): warning CS8981: The type name 'databaseadd' only contains lower-cased ascii characters. Such names may become reserved for the language. [C:\Users\thris\OneDrive\Desktop\Employee\UserRoles.csproj]
C:\Users\thris\OneDrive\Desktop\Employee\Migrations\20260126125249_database add.Designer.cs(16,19): warning CS8981: The type name 'databaseadd' only contains lower-cased ascii characters. Such names may become reserved for the language. [C:\Users\thris\OneDrive\Desktop\Employee\UserRoles.csproj]
C:\Users\thris\OneDrive\Desktop\Employee\Migrations\20251226174717_save todayreports.cs(9,26): warning CS8981: The type name 'savetodayreports' only contains lower-cased ascii characters. Such names may become reserved for the language. [C:\Users\thris\OneDrive\Desktop\Employee\UserRoles.csproj]
C:\Users\thris\OneDrive\Desktop\Employee\Migrations\20251226174717_save todayreports.Designer.cs(16,19): warning CS8981: The type name 'savetodayreports' only contains lower-cased ascii characters. Such names may become reserved for the language. [C:\Users\thris\OneDrive\Desktop\Employee\UserRoles.csproj]
C:\Users\thris\OneDrive\Desktop\Employee\ViewModels\PerformanceDashboardViewModel.cs(106,23): warning CS8618: Non-nullable property 'Id' must contain a non-null value when exiting constructor. Consider adding the 'required' modifier or declaring the property as nullable. [C:\Users\thris\OneDrive\Desktop\Employee\UserRoles.csproj]
C:\Users\thris\OneDrive\Desktop\Employee\ViewModels\PerformanceDashboardViewModel.cs(107,23): warning CS8618: Non-nullable property 'Name' must contain a non-null value when exiting constructor. Consider adding the 'required' modifier or declaring the property as nullable. [C:\Users\thris\OneDrive\Desktop\Employee\UserRoles.csproj]
C:\Users\thris\OneDrive\Desktop\Employee\ViewModels\PerformanceDashboardViewModel.cs(108,23): warning CS8618: Non-nullable property 'Team' must contain a non-null value when exiting constructor. Consider adding the 'required' modifier or declaring the property as nullable. [C:\Users\thris\OneDrive\Desktop\Employee\UserRoles.csproj]
C:\Users\thris\OneDrive\Desktop\Employee\ViewModels\PerformanceDashboardViewModel.cs(109,23): warning CS8618: Non-nullable property 'Role' must contain a non-null value when exiting constructor. Consider adding the 'required' modifier or declaring the property as nullable. [C:\Users\thris\OneDrive\Desktop\Employee\UserRoles.csproj]
C:\Users\thris\OneDrive\Desktop\Employee\ViewModels\PerformanceDashboardViewModel.cs(96,23): warning CS8618: Non-nullable property 'EmployeeId' must contain a non-null value when exiting constructor. Consider adding the 'required' modifier or declaring the property as nullable. [C:\Users\thris\OneDrive\Desktop\Employee\UserRoles.csproj]
C:\Users\thris\OneDrive\Desktop\Employee\ViewModels\PerformanceDashboardViewModel.cs(97,23): warning CS8618: Non-nullable property 'Team' must contain a non-null value when exiting constructor. Consider adding the 'required' modifier or declaring the property as nullable. [C:\Users\thris\OneDrive\Desktop\Employee\UserRoles.csproj]
C:\Users\thris\OneDrive\Desktop\Employee\ViewModels\PerformanceDashboardViewModel.cs(98,23): warning CS8618: Non-nullable property 'Role' must contain a non-null value when exiting constructor. Consider adding the 'required' modifier or declaring the property as nullable. [C:\Users\thris\OneDrive\Desktop\Employee\UserRoles.csproj]
C:\Users\thris\OneDrive\Desktop\Employee\ViewModels\PerformanceDashboardViewModel.cs(101,23): warning CS8618: Non-nullable property 'Notes' must contain a non-null value when exiting constructor. Consider adding the 'required' modifier or declaring the property as nullable. [C:\Users\thris\OneDrive\Desktop\Employee\UserRoles.csproj]
C:\Users\thris\OneDrive\Desktop\Employee\ViewModels\PerformanceDashboardViewModel.cs(74,23): warning CS8618: Non-nullable property 'TeamName' must contain a non-null value when exiting constructor. Consider adding the 'required' modifier or declaring the property as nullable. [C:\Users\thris\OneDrive\Desktop\Employee\UserRoles.csproj]
C:\Users\thris\OneDrive\Desktop\Employee\ViewModels\PerformanceDashboardViewModel.cs(76,23): warning CS8618: Non-nullable property 'Color' must contain a non-null value when exiting constructor. Consider adding the 'required' modifier or declaring the property as nullable. [C:\Users\thris\OneDrive\Desktop\Employee\UserRoles.csproj]
C:\Users\thris\OneDrive\Desktop\Employee\ViewModels\PerformanceDashboardViewModel.cs(67,23): warning CS8618: Non-nullable property 'Label' must contain a non-null value when exiting constructor. Consider adding the 'required' modifier or declaring the property as nullable. [C:\Users\thris\OneDrive\Desktop\Employee\UserRoles.csproj]
C:\Users\thris\OneDrive\Desktop\Employee\ViewModels\PerformanceDashboardViewModel.cs(69,23): warning CS8618: Non-nullable property 'Color' must contain a non-null value when exiting constructor. Consider adding the 'required' modifier or declaring the property as nullable. [C:\Users\thris\OneDrive\Desktop\Employee\UserRoles.csproj]
C:\Users\thris\OneDrive\Desktop\Employee\ViewModels\PerformanceDashboardViewModel.cs(50,23): warning CS8618: Non-nullable property 'UserId' must contain a non-null value when exiting constructor. Consider adding the 'required' modifier or declaring the property as nullable. [C:\Users\thris\OneDrive\Desktop\Employee\UserRoles.csproj]
C:\Users\thris\OneDrive\Desktop\Employee\ViewModels\PerformanceDashboardViewModel.cs(51,23): warning CS8618: Non-nullable property 'Name' must contain a non-null value when exiting constructor. Consider adding the 'required' modifier or declaring the property as nullable. [C:\Users\thris\OneDrive\Desktop\Employee\UserRoles.csproj]
C:\Users\thris\OneDrive\Desktop\Employee\ViewModels\PerformanceDashboardViewModel.cs(52,23): warning CS8618: Non-nullable property 'Role' must contain a non-null value when exiting constructor. Consider adding the 'required' modifier or declaring the property as nullable. [C:\Users\thris\OneDrive\Desktop\Employee\UserRoles.csproj]
C:\Users\thris\OneDrive\Desktop\Employee\ViewModels\PerformanceDashboardViewModel.cs(53,23): warning CS8618: Non-nullable property 'Team' must contain a non-null value when exiting constructor. Consider adding the 'required' modifier or declaring the property as nullable. [C:\Users\thris\OneDrive\Desktop\Employee\UserRoles.csproj]
C:\Users\thris\OneDrive\Desktop\Employee\ViewModels\PerformanceDashboardViewModel.cs(55,23): warning CS8618: Non-nullable property 'TasksDone' must contain a non-null value when exiting constructor. Consider adding the 'required' modifier or declaring the property as nullable. [C:\Users\thris\OneDrive\Desktop\Employee\UserRoles.csproj]
C:\Users\thris\OneDrive\Desktop\Employee\ViewModels\PerformanceDashboardViewModel.cs(57,23): warning CS8618: Non-nullable property 'Status' must contain a non-null value when exiting constructor. Consider adding the 'required' modifier or declaring the property as nullable. [C:\Users\thris\OneDrive\Desktop\Employee\UserRoles.csproj]
C:\Users\thris\OneDrive\Desktop\Employee\ViewModels\PerformanceDashboardViewModel.cs(58,23): warning CS8618: Non-nullable property 'StatusClass' must contain a non-null value when exiting constructor. Consider adding the 'required' modifier or declaring the property as nullable. [C:\Users\thris\OneDrive\Desktop\Employee\UserRoles.csproj]
C:\Users\thris\OneDrive\Desktop\Employee\ViewModels\PerformanceDashboardViewModel.cs(59,23): warning CS8618: Non-nullable property 'Color' must contain a non-null value when exiting constructor. Consider adding the 'required' modifier or declaring the property as nullable. [C:\Users\thris\OneDrive\Desktop\Employee\UserRoles.csproj]
C:\Users\thris\OneDrive\Desktop\Employee\ViewModels\PerformanceDashboardViewModel.cs(60,23): warning CS8618: Non-nullable property 'Initials' must contain a non-null value when exiting constructor. Consider adding the 'required' modifier or declaring the property as nullable. [C:\Users\thris\OneDrive\Desktop\Employee\UserRoles.csproj]
C:\Users\thris\OneDrive\Desktop\Employee\ViewModels\PerformanceDashboardViewModel.cs(61,23): warning CS8618: Non-nullable property 'AvatarColor' must contain a non-null value when exiting constructor. Consider adding the 'required' modifier or declaring the property as nullable. [C:\Users\thris\OneDrive\Desktop\Employee\UserRoles.csproj]
C:\Users\thris\OneDrive\Desktop\Employee\ViewModels\PerformanceDashboardViewModel.cs(44,23): warning CS8618: Non-nullable property 'Month' must contain a non-null value when exiting constructor. Consider adding the 'required' modifier or declaring the property as nullable. [C:\Users\thris\OneDrive\Desktop\Employee\UserRoles.csproj]
C:\Users\thris\OneDrive\Desktop\Employee\ViewModels\PerformanceDashboardViewModel.cs(19,23): warning CS8618: Non-nullable property 'SearchQuery' must contain a non-null value when exiting constructor. Consider adding the 'required' modifier or declaring the property as nullable. [C:\Users\thris\OneDrive\Desktop\Employee\UserRoles.csproj]
C:\Users\thris\OneDrive\Desktop\Employee\Views\Shared\_Layout.cshtml(39,9): warning CS8602: Dereference of a possibly null reference. [C:\Users\thris\OneDrive\Desktop\Employee\UserRoles.csproj]
C:\Users\thris\OneDrive\Desktop\Employee\Controllers\UsersController.cs(258,84): warning CS8604: Possible null reference argument for parameter 'rootManagerId' in 'Task<List<string>> IUserHierarchyService.GetVisibleManagerIdsAsync(string rootManagerId)'. [C:\Users\thris\OneDrive\Desktop\Employee\UserRoles.csproj]
C:\Users\thris\OneDrive\Desktop\Employee\Controllers\UsersController.cs(277,84): warning CS8604: Possible null reference argument for parameter 'rootManagerId' in 'Task<List<string>> IUserHierarchyService.GetVisibleManagerIdsAsync(string rootManagerId)'. [C:\Users\thris\OneDrive\Desktop\Employee\UserRoles.csproj]
C:\Users\thris\OneDrive\Desktop\Employee\Controllers\UsersController.cs(280,41): warning CS8604: Possible null reference argument for parameter 'item' in 'bool List<string>.Contains(string item)'. [C:\Users\thris\OneDrive\Desktop\Employee\UserRoles.csproj]
C:\Users\thris\OneDrive\Desktop\Employee\DTOs\UpdateTaskDto.cs(9,23): warning CS8618: Non-nullable property 'Title' must contain a non-null value when exiting constructor. Consider adding the 'required' modifier or declaring the property as nullable. [C:\Users\thris\OneDrive\Desktop\Employee\UserRoles.csproj]
C:\Users\thris\OneDrive\Desktop\Employee\DTOs\UpdateTaskDto.cs(10,23): warning CS8618: Non-nullable property 'Description' must contain a non-null value when exiting constructor. Consider adding the 'required' modifier or declaring the property as nullable. [C:\Users\thris\OneDrive\Desktop\Employee\UserRoles.csproj]
C:\Users\thris\OneDrive\Desktop\Employee\DTOs\TaskDtos.cs(77,23): warning CS8618: Non-nullable property 'TeamName' must contain a non-null value when exiting constructor. Consider adding the 'required' modifier or declaring the property as nullable. [C:\Users\thris\OneDrive\Desktop\Employee\UserRoles.csproj]
C:\Users\thris\OneDrive\Desktop\Employee\DTOs\TaskDtos.cs(52,23): warning CS8618: Non-nullable property 'TeamName' must contain a non-null value when exiting constructor. Consider adding the 'required' modifier or declaring the property as nullable. [C:\Users\thris\OneDrive\Desktop\Employee\UserRoles.csproj]
C:\Users\thris\OneDrive\Desktop\Employee\DTOs\TaskDtos.cs(25,26): warning CS8618: Non-nullable property 'TaskIds' must contain a non-null value when exiting constructor. Consider adding the 'required' modifier or declaring the property as nullable. [C:\Users\thris\OneDrive\Desktop\Employee\UserRoles.csproj]
C:\Users\thris\OneDrive\Desktop\Employee\DTOs\TaskDtos.cs(26,23): warning CS8618: Non-nullable property 'UserId' must contain a non-null value when exiting constructor. Consider adding the 'required' modifier or declaring the property as nullable. [C:\Users\thris\OneDrive\Desktop\Employee\UserRoles.csproj]
C:\Users\thris\OneDrive\Desktop\Employee\Controllers\UsersController.cs(360,84): warning CS8604: Possible null reference argument for parameter 'rootManagerId' in 'Task<List<string>> IUserHierarchyService.GetVisibleManagerIdsAsync(string rootManagerId)'. [C:\Users\thris\OneDrive\Desktop\Employee\UserRoles.csproj]
C:\Users\thris\OneDrive\Desktop\Employee\Controllers\UsersController.cs(363,41): warning CS8604: Possible null reference argument for parameter 'item' in 'bool List<string>.Contains(string item)'. [C:\Users\thris\OneDrive\Desktop\Employee\UserRoles.csproj]
C:\Users\thris\OneDrive\Desktop\Employee\Controllers\UsersController.cs(812,20): warning CS8600: Converting null literal or possible null value to non-nullable type. [C:\Users\thris\OneDrive\Desktop\Employee\UserRoles.csproj]
C:\Users\thris\OneDrive\Desktop\Employee\Controllers\UsersController.cs(813,21): warning CS8600: Converting null literal or possible null value to non-nullable type. [C:\Users\thris\OneDrive\Desktop\Employee\UserRoles.csproj]
C:\Users\thris\OneDrive\Desktop\Employee\Controllers\UsersController.cs(816,64): warning CS8604: Possible null reference argument for parameter 'email' in 'Task<Users?> UserManager<Users>.FindByEmailAsync(string email)'. [C:\Users\thris\OneDrive\Desktop\Employee\UserRoles.csproj]
C:\Users\thris\OneDrive\Desktop\Employee\Views\Users\Managers.cshtml(5,21): warning CS8600: Converting null literal or possible null value to non-nullable type. [C:\Users\thris\OneDrive\Desktop\Employee\UserRoles.csproj]
C:\Users\thris\OneDrive\Desktop\Employee\ViewModels\VerfiyEmailViewmodel.cs(9,23): warning CS8618: Non-nullable property 'Email' must contain a non-null value when exiting constructor. Consider adding the 'required' modifier or declaring the property as nullable. [C:\Users\thris\OneDrive\Desktop\Employee\UserRoles.csproj]
C:\Users\thris\OneDrive\Desktop\Employee\ViewModels\TaskHistoryDto.cs(19,23): warning CS8618: Non-nullable property 'ChangedByUserId' must contain a non-null value when exiting constructor. Consider adding the 'required' modifier or declaring the property as nullable. [C:\Users\thris\OneDrive\Desktop\Employee\UserRoles.csproj]
C:\Users\thris\OneDrive\Desktop\Employee\ViewModels\TaskHistoryDto.cs(20,23): warning CS8618: Non-nullable property 'ChangedByUserName' must contain a non-null value when exiting constructor. Consider adding the 'required' modifier or declaring the property as nullable. [C:\Users\thris\OneDrive\Desktop\Employee\UserRoles.csproj]
C:\Users\thris\OneDrive\Desktop\Employee\ViewModels\RenameColumnRequest.cs(6,23): warning CS8618: Non-nullable property 'Name' must contain a non-null value when exiting constructor. Consider adding the 'required' modifier or declaring the property as nullable. [C:\Users\thris\OneDrive\Desktop\Employee\UserRoles.csproj]
C:\Users\thris\OneDrive\Desktop\Employee\ViewModels\RegisterViewModel.cs(8,23): warning CS8618: Non-nullable property 'Name' must contain a non-null value when exiting constructor. Consider adding the 'required' modifier or declaring the property as nullable. [C:\Users\thris\OneDrive\Desktop\Employee\UserRoles.csproj]
C:\Users\thris\OneDrive\Desktop\Employee\ViewModels\RegisterViewModel.cs(12,23): warning CS8618: Non-nullable property 'Email' must contain a non-null value when exiting constructor. Consider adding the 'required' modifier or declaring the property as nullable. [C:\Users\thris\OneDrive\Desktop\Employee\UserRoles.csproj]
C:\Users\thris\OneDrive\Desktop\Employee\ViewModels\RegisterViewModel.cs(18,23): warning CS8618: Non-nullable property 'Password' must contain a non-null value when exiting constructor. Consider adding the 'required' modifier or declaring the property as nullable. [C:\Users\thris\OneDrive\Desktop\Employee\UserRoles.csproj]
C:\Users\thris\OneDrive\Desktop\Employee\ViewModels\RegisterViewModel.cs(23,23): warning CS8618: Non-nullable property 'ConfirmPassword' must contain a non-null value when exiting constructor. Consider adding the 'required' modifier or declaring the property as nullable. [C:\Users\thris\OneDrive\Desktop\Employee\UserRoles.csproj]
C:\Users\thris\OneDrive\Desktop\Employee\ViewModels\ProfileViewModel.cs(11,23): warning CS8618: Non-nullable property 'FirstName' must contain a non-null value when exiting constructor. Consider adding the 'required' modifier or declaring the property as nullable. [C:\Users\thris\OneDrive\Desktop\Employee\UserRoles.csproj]
C:\Users\thris\OneDrive\Desktop\Employee\ViewModels\ProfileViewModel.cs(16,23): warning CS8618: Non-nullable property 'Email' must contain a non-null value when exiting constructor. Consider adding the 'required' modifier or declaring the property as nullable. [C:\Users\thris\OneDrive\Desktop\Employee\UserRoles.csproj]
C:\Users\thris\OneDrive\Desktop\Employee\ViewModels\ProfileViewModel.cs(21,23): warning CS8618: Non-nullable property 'MobileNumber' must contain a non-null value when exiting constructor. Consider adding the 'required' modifier or declaring the property as nullable. [C:\Users\thris\OneDrive\Desktop\Employee\UserRoles.csproj]
C:\Users\thris\OneDrive\Desktop\Employee\ViewModels\ProfileViewModel.cs(24,23): warning CS8618: Non-nullable property 'Address' must contain a non-null value when exiting constructor. Consider adding the 'required' modifier or declaring the property as nullable. [C:\Users\thris\OneDrive\Desktop\Employee\UserRoles.csproj]
C:\Users\thris\OneDrive\Desktop\Employee\ViewModels\ProfileViewModel.cs(32,23): warning CS8618: Non-nullable property 'UserId' must contain a non-null value when exiting constructor. Consider adding the 'required' modifier or declaring the property as nullable. [C:\Users\thris\OneDrive\Desktop\Employee\UserRoles.csproj]
C:\Users\thris\OneDrive\Desktop\Employee\ViewModels\LoginViewModel.cs(9,23): warning CS8618: Non-nullable property 'Email' must contain a non-null value when exiting constructor. Consider adding the 'required' modifier or declaring the property as nullable. [C:\Users\thris\OneDrive\Desktop\Employee\UserRoles.csproj]
C:\Users\thris\OneDrive\Desktop\Employee\ViewModels\LoginViewModel.cs(13,23): warning CS8618: Non-nullable property 'Password' must contain a non-null value when exiting constructor. Consider adding the 'required' modifier or declaring the property as nullable. [C:\Users\thris\OneDrive\Desktop\Employee\UserRoles.csproj]
C:\Users\thris\OneDrive\Desktop\Employee\ViewModels\AddReportPanelViewModel.cs(6,23): warning CS8618: Non-nullable property 'TargetUserId' must contain a non-null value when exiting constructor. Consider adding the 'required' modifier or declaring the property as nullable. [C:\Users\thris\OneDrive\Desktop\Employee\UserRoles.csproj]
C:\Users\thris\OneDrive\Desktop\Employee\ViewModels\AddReportPanelViewModel.cs(7,23): warning CS8618: Non-nullable property 'ReportOwnerName' must contain a non-null value when exiting constructor. Consider adding the 'required' modifier or declaring the property as nullable. [C:\Users\thris\OneDrive\Desktop\Employee\UserRoles.csproj]
C:\Users\thris\OneDrive\Desktop\Employee\ViewModels\AddReportPanelViewModel.cs(8,23): warning CS8618: Non-nullable property 'Date' must contain a non-null value when exiting constructor. Consider adding the 'required' modifier or declaring the property as nullable. [C:\Users\thris\OneDrive\Desktop\Employee\UserRoles.csproj]
C:\Users\thris\OneDrive\Desktop\Employee\ViewModels\AddColumnRequest.cs(9,23): warning CS8618: Non-nullable property 'Team' must contain a non-null value when exiting constructor. Consider adding the 'required' modifier or declaring the property as nullable. [C:\Users\thris\OneDrive\Desktop\Employee\UserRoles.csproj]
C:\Users\thris\OneDrive\Desktop\Employee\ViewModels\AddColumnRequest.cs(12,23): warning CS8618: Non-nullable property 'ColumnName' must contain a non-null value when exiting constructor. Consider adding the 'required' modifier or declaring the property as nullable. [C:\Users\thris\OneDrive\Desktop\Employee\UserRoles.csproj]
C:\Users\thris\OneDrive\Desktop\Employee\Models\OrgNodeViewModel.cs(5,23): warning CS8618: Non-nullable property 'Id' must contain a non-null value when exiting constructor. Consider adding the 'required' modifier or declaring the property as nullable. [C:\Users\thris\OneDrive\Desktop\Employee\UserRoles.csproj]
C:\Users\thris\OneDrive\Desktop\Employee\Models\OrgNodeViewModel.cs(6,23): warning CS8618: Non-nullable property 'Name' must contain a non-null value when exiting constructor. Consider adding the 'required' modifier or declaring the property as nullable. [C:\Users\thris\OneDrive\Desktop\Employee\UserRoles.csproj]
C:\Users\thris\OneDrive\Desktop\Employee\Models\OrgNodeViewModel.cs(7,23): warning CS8618: Non-nullable property 'Role' must contain a non-null value when exiting constructor. Consider adding the 'required' modifier or declaring the property as nullable. [C:\Users\thris\OneDrive\Desktop\Employee\UserRoles.csproj]
C:\Users\thris\OneDrive\Desktop\Employee\Controllers\UsersController.cs(1097,61): warning CS8625: Cannot convert null literal to non-nullable reference type. [C:\Users\thris\OneDrive\Desktop\Employee\UserRoles.csproj]
C:\Users\thris\OneDrive\Desktop\Employee\Controllers\UsersController.cs(1116,67): warning CS8625: Cannot convert null literal to non-nullable reference type. [C:\Users\thris\OneDrive\Desktop\Employee\UserRoles.csproj]
C:\Users\thris\OneDrive\Desktop\Employee\Views\Users\ConfirmDeleteManager.cshtml(17,55): warning CS8602: Dereference of a possibly null reference. [C:\Users\thris\OneDrive\Desktop\Employee\UserRoles.csproj]
C:\Users\thris\OneDrive\Desktop\Employee\Views\Users\ConfirmDeleteManager.cshtml(24,36): warning CS8604: Possible null reference argument for parameter 'source' in 'IEnumerable<Users> Enumerable.Where<Users>(IEnumerable<Users> source, Func<Users, bool> predicate)'. [C:\Users\thris\OneDrive\Desktop\Employee\UserRoles.csproj]
C:\Users\thris\OneDrive\Desktop\Employee\Views\Users\ConfirmDeleteManager.cshtml(80,55): warning CS8602: Dereference of a possibly null reference. [C:\Users\thris\OneDrive\Desktop\Employee\UserRoles.csproj]
C:\Users\thris\OneDrive\Desktop\Employee\Services\TaskService.cs(719,86): warning CS8604: Possible null reference argument for parameter 'item' in 'bool List<string>.Contains(string item)'. [C:\Users\thris\OneDrive\Desktop\Employee\UserRoles.csproj]
C:\Users\thris\OneDrive\Desktop\Employee\Services\TaskHistoryService.cs(218,39): warning CS8601: Possible null reference assignment. [C:\Users\thris\OneDrive\Desktop\Employee\UserRoles.csproj]
C:\Users\thris\OneDrive\Desktop\Employee\Services\TaskHistoryService.cs(219,41): warning CS8602: Dereference of a possibly null reference. [C:\Users\thris\OneDrive\Desktop\Employee\UserRoles.csproj]
C:\Users\thris\OneDrive\Desktop\Employee\Controllers\TeamsController.cs(114,27): warning CS8618: Non-nullable property 'Name' must contain a non-null value when exiting constructor. Consider adding the 'required' modifier or declaring the property as nullable. [C:\Users\thris\OneDrive\Desktop\Employee\UserRoles.csproj]
C:\Users\thris\OneDrive\Desktop\Employee\Services\TaskService.cs(881,79): warning CS8601: Possible null reference assignment. [C:\Users\thris\OneDrive\Desktop\Employee\UserRoles.csproj]
C:\Users\thris\OneDrive\Desktop\Employee\Services\TaskService.cs(897,81): warning CS8601: Possible null reference assignment. [C:\Users\thris\OneDrive\Desktop\Employee\UserRoles.csproj]
C:\Users\thris\OneDrive\Desktop\Employee\Services\TaskService.cs(903,84): warning CS8601: Possible null reference assignment. [C:\Users\thris\OneDrive\Desktop\Employee\UserRoles.csproj]
C:\Users\thris\OneDrive\Desktop\Employee\Services\TaskService.cs(910,80): warning CS8601: Possible null reference assignment. [C:\Users\thris\OneDrive\Desktop\Employee\UserRoles.csproj]
C:\Users\thris\OneDrive\Desktop\Employee\Controllers\CommunicationController.cs(41,43): warning CS8602: Dereference of a possibly null reference. [C:\Users\thris\OneDrive\Desktop\Employee\UserRoles.csproj]
C:\Users\thris\OneDrive\Desktop\Employee\Controllers\CommunicationController.cs(59,43): warning CS8602: Dereference of a possibly null reference. [C:\Users\thris\OneDrive\Desktop\Employee\UserRoles.csproj]
C:\Users\thris\OneDrive\Desktop\Employee\Controllers\ReportsController.cs(99,39): warning CS8601: Possible null reference assignment. [C:\Users\thris\OneDrive\Desktop\Employee\UserRoles.csproj]
C:\Users\thris\OneDrive\Desktop\Employee\Controllers\OrgChartController.cs(63,30): warning CS8600: Converting null literal or possible null value to non-nullable type. [C:\Users\thris\OneDrive\Desktop\Employee\UserRoles.csproj]
C:\Users\thris\OneDrive\Desktop\Employee\Controllers\TaskMoveRequestsController.cs(115,74): warning CS8604: Possible null reference argument for parameter 'json' in 'List<MoveRequest>? JsonSerializer.Deserialize<List<MoveRequest>>(string json, JsonSerializerOptions? options = null)'. [C:\Users\thris\OneDrive\Desktop\Employee\UserRoles.csproj]
C:\Users\thris\OneDrive\Desktop\Employee\Controllers\TaskMoveRequestsController.cs(161,74): warning CS8604: Possible null reference argument for parameter 'json' in 'List<MoveRequest>? JsonSerializer.Deserialize<List<MoveRequest>>(string json, JsonSerializerOptions? options = null)'. [C:\Users\thris\OneDrive\Desktop\Employee\UserRoles.csproj]
C:\Users\thris\OneDrive\Desktop\Employee\Controllers\ProfileController.cs(37,29): warning CS8601: Possible null reference assignment. [C:\Users\thris\OneDrive\Desktop\Employee\UserRoles.csproj]
C:\Users\thris\OneDrive\Desktop\Employee\Controllers\ProfileController.cs(38,27): warning CS8601: Possible null reference assignment. [C:\Users\thris\OneDrive\Desktop\Employee\UserRoles.csproj]
C:\Users\thris\OneDrive\Desktop\Employee\Controllers\ProfileController.cs(39,25): warning CS8601: Possible null reference assignment. [C:\Users\thris\OneDrive\Desktop\Employee\UserRoles.csproj]
C:\Users\thris\OneDrive\Desktop\Employee\Controllers\ProfileController.cs(40,32): warning CS8601: Possible null reference assignment. [C:\Users\thris\OneDrive\Desktop\Employee\UserRoles.csproj]
C:\Users\thris\OneDrive\Desktop\Employee\Controllers\ProfileController.cs(59,29): warning CS8601: Possible null reference assignment. [C:\Users\thris\OneDrive\Desktop\Employee\UserRoles.csproj]
C:\Users\thris\OneDrive\Desktop\Employee\Controllers\ProfileController.cs(60,25): warning CS8601: Possible null reference assignment. [C:\Users\thris\OneDrive\Desktop\Employee\UserRoles.csproj]
C:\Users\thris\OneDrive\Desktop\Employee\Controllers\ProfileController.cs(61,27): warning CS8601: Possible null reference assignment. [C:\Users\thris\OneDrive\Desktop\Employee\UserRoles.csproj]
C:\Users\thris\OneDrive\Desktop\Employee\Controllers\ProfileController.cs(62,32): warning CS8601: Possible null reference assignment. [C:\Users\thris\OneDrive\Desktop\Employee\UserRoles.csproj]
C:\Users\thris\OneDrive\Desktop\Employee\Controllers\TaskCustomFieldsController.cs(145,51): warning CS8602: Dereference of a possibly null reference. [C:\Users\thris\OneDrive\Desktop\Employee\UserRoles.csproj]
C:\Users\thris\OneDrive\Desktop\Employee\Views\Reports\_UserReportsPanel.cshtml(14,28): warning CS8600: Converting null literal or possible null value to non-nullable type. [C:\Users\thris\OneDrive\Desktop\Employee\UserRoles.csproj]
C:\Users\thris\OneDrive\Desktop\Employee\Views\Reports\_UserReportsPanel.cshtml(15,27): warning CS8600: Converting null literal or possible null value to non-nullable type. [C:\Users\thris\OneDrive\Desktop\Employee\UserRoles.csproj]
C:\Users\thris\OneDrive\Desktop\Employee\Views\Reports\_UserReportsPanel.cshtml(16,22): warning CS8600: Converting null literal or possible null value to non-nullable type. [C:\Users\thris\OneDrive\Desktop\Employee\UserRoles.csproj]
C:\Users\thris\OneDrive\Desktop\Employee\Controllers\ProjectController.cs(305,39): warning CS8602: Dereference of a possibly null reference. [C:\Users\thris\OneDrive\Desktop\Employee\UserRoles.csproj]
C:\Users\thris\OneDrive\Desktop\Employee\Controllers\ProjectController.cs(306,43): warning CS8602: Dereference of a possibly null reference. [C:\Users\thris\OneDrive\Desktop\Employee\UserRoles.csproj]
C:\Users\thris\OneDrive\Desktop\Employee\Views\Reports\Index.cshtml(14,27): warning CS8600: Converting null literal or possible null value to non-nullable type. [C:\Users\thris\OneDrive\Desktop\Employee\UserRoles.csproj]
C:\Users\thris\OneDrive\Desktop\Employee\Controllers\TaskCustomFieldsController.cs(186,41): warning CS8600: Converting null literal or possible null value to non-nullable type. [C:\Users\thris\OneDrive\Desktop\Employee\UserRoles.csproj]
C:\Users\thris\OneDrive\Desktop\Employee\Controllers\TaskCustomFieldsController.cs(190,30): warning CS8600: Converting null literal or possible null value to non-nullable type. [C:\Users\thris\OneDrive\Desktop\Employee\UserRoles.csproj]
C:\Users\thris\OneDrive\Desktop\Employee\Controllers\TaskCustomFieldsController.cs(194,30): warning CS8600: Converting null literal or possible null value to non-nullable type. [C:\Users\thris\OneDrive\Desktop\Employee\UserRoles.csproj]
C:\Users\thris\OneDrive\Desktop\Employee\Controllers\ProjectController.cs(392,56): warning CS8602: Dereference of a possibly null reference. [C:\Users\thris\OneDrive\Desktop\Employee\UserRoles.csproj]
C:\Users\thris\OneDrive\Desktop\Employee\Controllers\ProjectController.cs(409,59): warning CS8602: Dereference of a possibly null reference. [C:\Users\thris\OneDrive\Desktop\Employee\UserRoles.csproj]
C:\Users\thris\OneDrive\Desktop\Employee\Controllers\ProjectController.cs(409,84): warning CS8602: Dereference of a possibly null reference. [C:\Users\thris\OneDrive\Desktop\Employee\UserRoles.csproj]
C:\Users\thris\OneDrive\Desktop\Employee\Controllers\ProjectController.cs(426,57): warning CS8602: Dereference of a possibly null reference. [C:\Users\thris\OneDrive\Desktop\Employee\UserRoles.csproj]
C:\Users\thris\OneDrive\Desktop\Employee\Controllers\ProjectController.cs(426,85): warning CS8602: Dereference of a possibly null reference. [C:\Users\thris\OneDrive\Desktop\Employee\UserRoles.csproj]
C:\Users\thris\OneDrive\Desktop\Employee\Controllers\ProjectController.cs(426,110): warning CS8602: Dereference of a possibly null reference. [C:\Users\thris\OneDrive\Desktop\Employee\UserRoles.csproj]
C:\Users\thris\OneDrive\Desktop\Employee\Views\Tasks\_TeamBoard.cshtml(374,43): warning CS8602: Dereference of a possibly null reference. [C:\Users\thris\OneDrive\Desktop\Employee\UserRoles.csproj]
C:\Users\thris\OneDrive\Desktop\Employee\Views\Tasks\_TeamBoard.cshtml(1796,45): warning CS0219: The variable 'isUnassigned' is assigned but its value is never used [C:\Users\thris\OneDrive\Desktop\Employee\UserRoles.csproj]
C:\Users\thris\OneDrive\Desktop\Employee\Views\Tasks\_TeamBoard.cshtml(1898,45): warning CS0219: The variable 'isUnassigned' is assigned but its value is never used [C:\Users\thris\OneDrive\Desktop\Employee\UserRoles.csproj]
C:\Users\thris\OneDrive\Desktop\Employee\Controllers\TaskReviewController.cs(222,63): warning CS8602: Dereference of a possibly null reference. [C:\Users\thris\OneDrive\Desktop\Employee\UserRoles.csproj]
C:\Users\thris\OneDrive\Desktop\Employee\Views\Reports\UserReports.cshtml(15,28): warning CS8600: Converting null literal or possible null value to non-nullable type. [C:\Users\thris\OneDrive\Desktop\Employee\UserRoles.csproj]
C:\Users\thris\OneDrive\Desktop\Employee\Views\Reports\UserReports.cshtml(16,27): warning CS8600: Converting null literal or possible null value to non-nullable type. [C:\Users\thris\OneDrive\Desktop\Employee\UserRoles.csproj]
C:\Users\thris\OneDrive\Desktop\Employee\Views\Reports\UserReports.cshtml(20,22): warning CS8600: Converting null literal or possible null value to non-nullable type. [C:\Users\thris\OneDrive\Desktop\Employee\UserRoles.csproj]
C:\Users\thris\OneDrive\Desktop\Employee\Controllers\ProjectController.cs(722,45): warning CS8601: Possible null reference assignment. [C:\Users\thris\OneDrive\Desktop\Employee\UserRoles.csproj]
C:\Users\thris\OneDrive\Desktop\Employee\Views\Tasks\_TaskBoard.cshtml(166,68): warning CS8602: Dereference of a possibly null reference. [C:\Users\thris\OneDrive\Desktop\Employee\UserRoles.csproj]
C:\Users\thris\OneDrive\Desktop\Employee\Controllers\ProjectController.cs(743,37): warning CS8601: Possible null reference assignment. [C:\Users\thris\OneDrive\Desktop\Employee\UserRoles.csproj]
C:\Users\thris\OneDrive\Desktop\Employee\Views\Tasks\_TaskCard.cshtml(187,61): warning CS8602: Dereference of a possibly null reference. [C:\Users\thris\OneDrive\Desktop\Employee\UserRoles.csproj]
C:\Users\thris\OneDrive\Desktop\Employee\Views\Analytics\PerformanceDashboard.cshtml(465,6): error CS0103: The name 'keyframes' does not exist in the current context [C:\Users\thris\OneDrive\Desktop\Employee\UserRoles.csproj]
    125 Warning(s)
    1 Error(s)

Time Elapsed 00:00:06.29
