  Determining projects to restore...
  All projects are up-to-date for restore.
C:\Users\chand\source\repos\TradeFxP\EmployeeManagementSystem\Migrations\20251211135902_manager user.cs(10,26): warning CS8981: The type name 'manageruser' only contains lower-cased ascii characters. Such names may become reserved for the language. [C:\Users\chand\source\repos\TradeFxP\EmployeeManagementSystem\UserRoles.csproj]
C:\Users\chand\source\repos\TradeFxP\EmployeeManagementSystem\Migrations\20251211135902_manager user.Designer.cs(16,19): warning CS8981: The type name 'manageruser' only contains lower-cased ascii characters. Such names may become reserved for the language. [C:\Users\chand\source\repos\TradeFxP\EmployeeManagementSystem\UserRoles.csproj]
C:\Users\chand\source\repos\TradeFxP\EmployeeManagementSystem\Migrations\20251212070108_adminmanagerpass.cs(8,26): warning CS8981: The type name 'adminmanagerpass' only contains lower-cased ascii characters. Such names may become reserved for the language. [C:\Users\chand\source\repos\TradeFxP\EmployeeManagementSystem\UserRoles.csproj]
C:\Users\chand\source\repos\TradeFxP\EmployeeManagementSystem\Migrations\20251212070108_adminmanagerpass.Designer.cs(16,19): warning CS8981: The type name 'adminmanagerpass' only contains lower-cased ascii characters. Such names may become reserved for the language. [C:\Users\chand\source\repos\TradeFxP\EmployeeManagementSystem\UserRoles.csproj]
C:\Users\chand\source\repos\TradeFxP\EmployeeManagementSystem\Migrations\20251226174717_save todayreports.cs(9,26): warning CS8981: The type name 'savetodayreports' only contains lower-cased ascii characters. Such names may become reserved for the language. [C:\Users\chand\source\repos\TradeFxP\EmployeeManagementSystem\UserRoles.csproj]
C:\Users\chand\source\repos\TradeFxP\EmployeeManagementSystem\Migrations\20251226174717_save todayreports.Designer.cs(16,19): warning CS8981: The type name 'savetodayreports' only contains lower-cased ascii characters. Such names may become reserved for the language. [C:\Users\chand\source\repos\TradeFxP\EmployeeManagementSystem\UserRoles.csproj]
C:\Users\chand\source\repos\TradeFxP\EmployeeManagementSystem\Migrations\20260126125249_database add.cs(8,26): warning CS8981: The type name 'databaseadd' only contains lower-cased ascii characters. Such names may become reserved for the language. [C:\Users\chand\source\repos\TradeFxP\EmployeeManagementSystem\UserRoles.csproj]
C:\Users\chand\source\repos\TradeFxP\EmployeeManagementSystem\Migrations\20260126125249_database add.Designer.cs(16,19): warning CS8981: The type name 'databaseadd' only contains lower-cased ascii characters. Such names may become reserved for the language. [C:\Users\chand\source\repos\TradeFxP\EmployeeManagementSystem\UserRoles.csproj]
C:\Users\chand\source\repos\TradeFxP\EmployeeManagementSystem\Views\Shared\_Layout.cshtml(38,9): warning CS8602: Dereference of a possibly null reference. [C:\Users\chand\source\repos\TradeFxP\EmployeeManagementSystem\UserRoles.csproj]
C:\Users\chand\source\repos\TradeFxP\EmployeeManagementSystem\Controllers\ProfileController.cs(37,29): warning CS8601: Possible null reference assignment. [C:\Users\chand\source\repos\TradeFxP\EmployeeManagementSystem\UserRoles.csproj]
C:\Users\chand\source\repos\TradeFxP\EmployeeManagementSystem\Controllers\ProfileController.cs(38,27): warning CS8601: Possible null reference assignment. [C:\Users\chand\source\repos\TradeFxP\EmployeeManagementSystem\UserRoles.csproj]
C:\Users\chand\source\repos\TradeFxP\EmployeeManagementSystem\Controllers\ProfileController.cs(39,25): warning CS8601: Possible null reference assignment. [C:\Users\chand\source\repos\TradeFxP\EmployeeManagementSystem\UserRoles.csproj]
C:\Users\chand\source\repos\TradeFxP\EmployeeManagementSystem\Controllers\ProfileController.cs(40,32): warning CS8601: Possible null reference assignment. [C:\Users\chand\source\repos\TradeFxP\EmployeeManagementSystem\UserRoles.csproj]
C:\Users\chand\source\repos\TradeFxP\EmployeeManagementSystem\Controllers\CommunicationController.cs(60,43): warning CS8602: Dereference of a possibly null reference. [C:\Users\chand\source\repos\TradeFxP\EmployeeManagementSystem\UserRoles.csproj]
C:\Users\chand\source\repos\TradeFxP\EmployeeManagementSystem\Controllers\ProfileController.cs(59,29): warning CS8601: Possible null reference assignment. [C:\Users\chand\source\repos\TradeFxP\EmployeeManagementSystem\UserRoles.csproj]
C:\Users\chand\source\repos\TradeFxP\EmployeeManagementSystem\Controllers\ProfileController.cs(60,25): warning CS8601: Possible null reference assignment. [C:\Users\chand\source\repos\TradeFxP\EmployeeManagementSystem\UserRoles.csproj]
C:\Users\chand\source\repos\TradeFxP\EmployeeManagementSystem\Controllers\ProfileController.cs(61,27): warning CS8601: Possible null reference assignment. [C:\Users\chand\source\repos\TradeFxP\EmployeeManagementSystem\UserRoles.csproj]
C:\Users\chand\source\repos\TradeFxP\EmployeeManagementSystem\Controllers\ProfileController.cs(62,32): warning CS8601: Possible null reference assignment. [C:\Users\chand\source\repos\TradeFxP\EmployeeManagementSystem\UserRoles.csproj]
C:\Users\chand\source\repos\TradeFxP\EmployeeManagementSystem\Controllers\ReportsController.cs(99,39): warning CS8601: Possible null reference assignment. [C:\Users\chand\source\repos\TradeFxP\EmployeeManagementSystem\UserRoles.csproj]
C:\Users\chand\source\repos\TradeFxP\EmployeeManagementSystem\Controllers\UsersController.cs(258,84): warning CS8604: Possible null reference argument for parameter 'rootManagerId' in 'Task<List<string>> IUserHierarchyService.GetVisibleManagerIdsAsync(string rootManagerId)'. [C:\Users\chand\source\repos\TradeFxP\EmployeeManagementSystem\UserRoles.csproj]
C:\Users\chand\source\repos\TradeFxP\EmployeeManagementSystem\Controllers\UsersController.cs(277,84): warning CS8604: Possible null reference argument for parameter 'rootManagerId' in 'Task<List<string>> IUserHierarchyService.GetVisibleManagerIdsAsync(string rootManagerId)'. [C:\Users\chand\source\repos\TradeFxP\EmployeeManagementSystem\UserRoles.csproj]
C:\Users\chand\source\repos\TradeFxP\EmployeeManagementSystem\Controllers\UsersController.cs(280,41): warning CS8604: Possible null reference argument for parameter 'item' in 'bool List<string>.Contains(string item)'. [C:\Users\chand\source\repos\TradeFxP\EmployeeManagementSystem\UserRoles.csproj]
C:\Users\chand\source\repos\TradeFxP\EmployeeManagementSystem\Controllers\CommunicationController.cs(78,43): warning CS8602: Dereference of a possibly null reference. [C:\Users\chand\source\repos\TradeFxP\EmployeeManagementSystem\UserRoles.csproj]
C:\Users\chand\source\repos\TradeFxP\EmployeeManagementSystem\Controllers\UsersController.cs(360,84): warning CS8604: Possible null reference argument for parameter 'rootManagerId' in 'Task<List<string>> IUserHierarchyService.GetVisibleManagerIdsAsync(string rootManagerId)'. [C:\Users\chand\source\repos\TradeFxP\EmployeeManagementSystem\UserRoles.csproj]
C:\Users\chand\source\repos\TradeFxP\EmployeeManagementSystem\Controllers\UsersController.cs(363,41): warning CS8604: Possible null reference argument for parameter 'item' in 'bool List<string>.Contains(string item)'. [C:\Users\chand\source\repos\TradeFxP\EmployeeManagementSystem\UserRoles.csproj]
C:\Users\chand\source\repos\TradeFxP\EmployeeManagementSystem\Controllers\CommunicationController.cs(118,47): warning CS8602: Dereference of a possibly null reference. [C:\Users\chand\source\repos\TradeFxP\EmployeeManagementSystem\UserRoles.csproj]
C:\Users\chand\source\repos\TradeFxP\EmployeeManagementSystem\Controllers\CommunicationController.cs(145,47): warning CS8602: Dereference of a possibly null reference. [C:\Users\chand\source\repos\TradeFxP\EmployeeManagementSystem\UserRoles.csproj]
C:\Users\chand\source\repos\TradeFxP\EmployeeManagementSystem\Controllers\OrgChartController.cs(63,30): warning CS8600: Converting null literal or possible null value to non-nullable type. [C:\Users\chand\source\repos\TradeFxP\EmployeeManagementSystem\UserRoles.csproj]
C:\Users\chand\source\repos\TradeFxP\EmployeeManagementSystem\Controllers\CommunicationController.cs(202,17): error CS0103: The name '_logger' does not exist in the current context [C:\Users\chand\source\repos\TradeFxP\EmployeeManagementSystem\UserRoles.csproj]
C:\Users\chand\source\repos\TradeFxP\EmployeeManagementSystem\Controllers\TaskCustomFieldsController.cs(145,51): warning CS8602: Dereference of a possibly null reference. [C:\Users\chand\source\repos\TradeFxP\EmployeeManagementSystem\UserRoles.csproj]
C:\Users\chand\source\repos\TradeFxP\EmployeeManagementSystem\Controllers\CommunicationController.cs(221,61): warning CS8602: Dereference of a possibly null reference. [C:\Users\chand\source\repos\TradeFxP\EmployeeManagementSystem\UserRoles.csproj]
C:\Users\chand\source\repos\TradeFxP\EmployeeManagementSystem\Controllers\CommunicationController.cs(222,64): warning CS8602: Dereference of a possibly null reference. [C:\Users\chand\source\repos\TradeFxP\EmployeeManagementSystem\UserRoles.csproj]
C:\Users\chand\source\repos\TradeFxP\EmployeeManagementSystem\Controllers\TaskCustomFieldsController.cs(186,41): warning CS8600: Converting null literal or possible null value to non-nullable type. [C:\Users\chand\source\repos\TradeFxP\EmployeeManagementSystem\UserRoles.csproj]
C:\Users\chand\source\repos\TradeFxP\EmployeeManagementSystem\Controllers\TaskCustomFieldsController.cs(190,30): warning CS8600: Converting null literal or possible null value to non-nullable type. [C:\Users\chand\source\repos\TradeFxP\EmployeeManagementSystem\UserRoles.csproj]
C:\Users\chand\source\repos\TradeFxP\EmployeeManagementSystem\Controllers\TaskCustomFieldsController.cs(194,30): warning CS8600: Converting null literal or possible null value to non-nullable type. [C:\Users\chand\source\repos\TradeFxP\EmployeeManagementSystem\UserRoles.csproj]
C:\Users\chand\source\repos\TradeFxP\EmployeeManagementSystem\Controllers\TaskMoveRequestsController.cs(115,74): warning CS8604: Possible null reference argument for parameter 'json' in 'List<MoveRequest>? JsonSerializer.Deserialize<List<MoveRequest>>(string json, JsonSerializerOptions? options = null)'. [C:\Users\chand\source\repos\TradeFxP\EmployeeManagementSystem\UserRoles.csproj]
C:\Users\chand\source\repos\TradeFxP\EmployeeManagementSystem\Controllers\UsersController.cs(812,20): warning CS8600: Converting null literal or possible null value to non-nullable type. [C:\Users\chand\source\repos\TradeFxP\EmployeeManagementSystem\UserRoles.csproj]
C:\Users\chand\source\repos\TradeFxP\EmployeeManagementSystem\Controllers\UsersController.cs(813,21): warning CS8600: Converting null literal or possible null value to non-nullable type. [C:\Users\chand\source\repos\TradeFxP\EmployeeManagementSystem\UserRoles.csproj]
C:\Users\chand\source\repos\TradeFxP\EmployeeManagementSystem\Controllers\UsersController.cs(816,64): warning CS8604: Possible null reference argument for parameter 'email' in 'Task<Users?> UserManager<Users>.FindByEmailAsync(string email)'. [C:\Users\chand\source\repos\TradeFxP\EmployeeManagementSystem\UserRoles.csproj]
C:\Users\chand\source\repos\TradeFxP\EmployeeManagementSystem\Controllers\CommunicationController.cs(267,17): error CS0103: The name '_logger' does not exist in the current context [C:\Users\chand\source\repos\TradeFxP\EmployeeManagementSystem\UserRoles.csproj]
C:\Users\chand\source\repos\TradeFxP\EmployeeManagementSystem\DTOs\UpdateTaskDto.cs(9,23): warning CS8618: Non-nullable property 'Title' must contain a non-null value when exiting constructor. Consider adding the 'required' modifier or declaring the property as nullable. [C:\Users\chand\source\repos\TradeFxP\EmployeeManagementSystem\UserRoles.csproj]
C:\Users\chand\source\repos\TradeFxP\EmployeeManagementSystem\DTOs\UpdateTaskDto.cs(10,23): warning CS8618: Non-nullable property 'Description' must contain a non-null value when exiting constructor. Consider adding the 'required' modifier or declaring the property as nullable. [C:\Users\chand\source\repos\TradeFxP\EmployeeManagementSystem\UserRoles.csproj]
C:\Users\chand\source\repos\TradeFxP\EmployeeManagementSystem\DTOs\TaskDtos.cs(77,23): warning CS8618: Non-nullable property 'TeamName' must contain a non-null value when exiting constructor. Consider adding the 'required' modifier or declaring the property as nullable. [C:\Users\chand\source\repos\TradeFxP\EmployeeManagementSystem\UserRoles.csproj]
C:\Users\chand\source\repos\TradeFxP\EmployeeManagementSystem\DTOs\TaskDtos.cs(52,23): warning CS8618: Non-nullable property 'TeamName' must contain a non-null value when exiting constructor. Consider adding the 'required' modifier or declaring the property as nullable. [C:\Users\chand\source\repos\TradeFxP\EmployeeManagementSystem\UserRoles.csproj]
C:\Users\chand\source\repos\TradeFxP\EmployeeManagementSystem\DTOs\TaskDtos.cs(25,26): warning CS8618: Non-nullable property 'TaskIds' must contain a non-null value when exiting constructor. Consider adding the 'required' modifier or declaring the property as nullable. [C:\Users\chand\source\repos\TradeFxP\EmployeeManagementSystem\UserRoles.csproj]
C:\Users\chand\source\repos\TradeFxP\EmployeeManagementSystem\DTOs\TaskDtos.cs(26,23): warning CS8618: Non-nullable property 'UserId' must contain a non-null value when exiting constructor. Consider adding the 'required' modifier or declaring the property as nullable. [C:\Users\chand\source\repos\TradeFxP\EmployeeManagementSystem\UserRoles.csproj]
C:\Users\chand\source\repos\TradeFxP\EmployeeManagementSystem\Controllers\TaskMoveRequestsController.cs(161,74): warning CS8604: Possible null reference argument for parameter 'json' in 'List<MoveRequest>? JsonSerializer.Deserialize<List<MoveRequest>>(string json, JsonSerializerOptions? options = null)'. [C:\Users\chand\source\repos\TradeFxP\EmployeeManagementSystem\UserRoles.csproj]
C:\Users\chand\source\repos\TradeFxP\EmployeeManagementSystem\Controllers\TeamsController.cs(114,27): warning CS8618: Non-nullable property 'Name' must contain a non-null value when exiting constructor. Consider adding the 'required' modifier or declaring the property as nullable. [C:\Users\chand\source\repos\TradeFxP\EmployeeManagementSystem\UserRoles.csproj]
C:\Users\chand\source\repos\TradeFxP\EmployeeManagementSystem\Views\Users\Managers.cshtml(5,21): warning CS8600: Converting null literal or possible null value to non-nullable type. [C:\Users\chand\source\repos\TradeFxP\EmployeeManagementSystem\UserRoles.csproj]
C:\Users\chand\source\repos\TradeFxP\EmployeeManagementSystem\Controllers\TaskReviewController.cs(222,63): warning CS8602: Dereference of a possibly null reference. [C:\Users\chand\source\repos\TradeFxP\EmployeeManagementSystem\UserRoles.csproj]
C:\Users\chand\source\repos\TradeFxP\EmployeeManagementSystem\ViewModels\VerfiyEmailViewmodel.cs(9,23): warning CS8618: Non-nullable property 'Email' must contain a non-null value when exiting constructor. Consider adding the 'required' modifier or declaring the property as nullable. [C:\Users\chand\source\repos\TradeFxP\EmployeeManagementSystem\UserRoles.csproj]
C:\Users\chand\source\repos\TradeFxP\EmployeeManagementSystem\ViewModels\AddColumnRequest.cs(9,23): warning CS8618: Non-nullable property 'Team' must contain a non-null value when exiting constructor. Consider adding the 'required' modifier or declaring the property as nullable. [C:\Users\chand\source\repos\TradeFxP\EmployeeManagementSystem\UserRoles.csproj]
C:\Users\chand\source\repos\TradeFxP\EmployeeManagementSystem\ViewModels\AddColumnRequest.cs(12,23): warning CS8618: Non-nullable property 'ColumnName' must contain a non-null value when exiting constructor. Consider adding the 'required' modifier or declaring the property as nullable. [C:\Users\chand\source\repos\TradeFxP\EmployeeManagementSystem\UserRoles.csproj]
C:\Users\chand\source\repos\TradeFxP\EmployeeManagementSystem\ViewModels\AddReportPanelViewModel.cs(6,23): warning CS8618: Non-nullable property 'TargetUserId' must contain a non-null value when exiting constructor. Consider adding the 'required' modifier or declaring the property as nullable. [C:\Users\chand\source\repos\TradeFxP\EmployeeManagementSystem\UserRoles.csproj]
C:\Users\chand\source\repos\TradeFxP\EmployeeManagementSystem\ViewModels\AddReportPanelViewModel.cs(7,23): warning CS8618: Non-nullable property 'ReportOwnerName' must contain a non-null value when exiting constructor. Consider adding the 'required' modifier or declaring the property as nullable. [C:\Users\chand\source\repos\TradeFxP\EmployeeManagementSystem\UserRoles.csproj]
C:\Users\chand\source\repos\TradeFxP\EmployeeManagementSystem\ViewModels\AddReportPanelViewModel.cs(8,23): warning CS8618: Non-nullable property 'Date' must contain a non-null value when exiting constructor. Consider adding the 'required' modifier or declaring the property as nullable. [C:\Users\chand\source\repos\TradeFxP\EmployeeManagementSystem\UserRoles.csproj]
C:\Users\chand\source\repos\TradeFxP\EmployeeManagementSystem\Models\OrgNodeViewModel.cs(5,23): warning CS8618: Non-nullable property 'Id' must contain a non-null value when exiting constructor. Consider adding the 'required' modifier or declaring the property as nullable. [C:\Users\chand\source\repos\TradeFxP\EmployeeManagementSystem\UserRoles.csproj]
C:\Users\chand\source\repos\TradeFxP\EmployeeManagementSystem\Models\OrgNodeViewModel.cs(6,23): warning CS8618: Non-nullable property 'Name' must contain a non-null value when exiting constructor. Consider adding the 'required' modifier or declaring the property as nullable. [C:\Users\chand\source\repos\TradeFxP\EmployeeManagementSystem\UserRoles.csproj]
C:\Users\chand\source\repos\TradeFxP\EmployeeManagementSystem\Models\OrgNodeViewModel.cs(7,23): warning CS8618: Non-nullable property 'Role' must contain a non-null value when exiting constructor. Consider adding the 'required' modifier or declaring the property as nullable. [C:\Users\chand\source\repos\TradeFxP\EmployeeManagementSystem\UserRoles.csproj]
C:\Users\chand\source\repos\TradeFxP\EmployeeManagementSystem\ViewModels\LoginViewModel.cs(9,23): warning CS8618: Non-nullable property 'Email' must contain a non-null value when exiting constructor. Consider adding the 'required' modifier or declaring the property as nullable. [C:\Users\chand\source\repos\TradeFxP\EmployeeManagementSystem\UserRoles.csproj]
C:\Users\chand\source\repos\TradeFxP\EmployeeManagementSystem\ViewModels\LoginViewModel.cs(13,23): warning CS8618: Non-nullable property 'Password' must contain a non-null value when exiting constructor. Consider adding the 'required' modifier or declaring the property as nullable. [C:\Users\chand\source\repos\TradeFxP\EmployeeManagementSystem\UserRoles.csproj]
C:\Users\chand\source\repos\TradeFxP\EmployeeManagementSystem\ViewModels\ProfileViewModel.cs(11,23): warning CS8618: Non-nullable property 'FirstName' must contain a non-null value when exiting constructor. Consider adding the 'required' modifier or declaring the property as nullable. [C:\Users\chand\source\repos\TradeFxP\EmployeeManagementSystem\UserRoles.csproj]
C:\Users\chand\source\repos\TradeFxP\EmployeeManagementSystem\ViewModels\ProfileViewModel.cs(16,23): warning CS8618: Non-nullable property 'Email' must contain a non-null value when exiting constructor. Consider adding the 'required' modifier or declaring the property as nullable. [C:\Users\chand\source\repos\TradeFxP\EmployeeManagementSystem\UserRoles.csproj]
C:\Users\chand\source\repos\TradeFxP\EmployeeManagementSystem\ViewModels\ProfileViewModel.cs(21,23): warning CS8618: Non-nullable property 'MobileNumber' must contain a non-null value when exiting constructor. Consider adding the 'required' modifier or declaring the property as nullable. [C:\Users\chand\source\repos\TradeFxP\EmployeeManagementSystem\UserRoles.csproj]
C:\Users\chand\source\repos\TradeFxP\EmployeeManagementSystem\ViewModels\ProfileViewModel.cs(24,23): warning CS8618: Non-nullable property 'Address' must contain a non-null value when exiting constructor. Consider adding the 'required' modifier or declaring the property as nullable. [C:\Users\chand\source\repos\TradeFxP\EmployeeManagementSystem\UserRoles.csproj]
C:\Users\chand\source\repos\TradeFxP\EmployeeManagementSystem\ViewModels\ProfileViewModel.cs(32,23): warning CS8618: Non-nullable property 'UserId' must contain a non-null value when exiting constructor. Consider adding the 'required' modifier or declaring the property as nullable. [C:\Users\chand\source\repos\TradeFxP\EmployeeManagementSystem\UserRoles.csproj]
C:\Users\chand\source\repos\TradeFxP\EmployeeManagementSystem\ViewModels\RegisterViewModel.cs(8,23): warning CS8618: Non-nullable property 'Name' must contain a non-null value when exiting constructor. Consider adding the 'required' modifier or declaring the property as nullable. [C:\Users\chand\source\repos\TradeFxP\EmployeeManagementSystem\UserRoles.csproj]
C:\Users\chand\source\repos\TradeFxP\EmployeeManagementSystem\ViewModels\RegisterViewModel.cs(12,23): warning CS8618: Non-nullable property 'Email' must contain a non-null value when exiting constructor. Consider adding the 'required' modifier or declaring the property as nullable. [C:\Users\chand\source\repos\TradeFxP\EmployeeManagementSystem\UserRoles.csproj]
C:\Users\chand\source\repos\TradeFxP\EmployeeManagementSystem\ViewModels\RegisterViewModel.cs(18,23): warning CS8618: Non-nullable property 'Password' must contain a non-null value when exiting constructor. Consider adding the 'required' modifier or declaring the property as nullable. [C:\Users\chand\source\repos\TradeFxP\EmployeeManagementSystem\UserRoles.csproj]
C:\Users\chand\source\repos\TradeFxP\EmployeeManagementSystem\ViewModels\RegisterViewModel.cs(23,23): warning CS8618: Non-nullable property 'ConfirmPassword' must contain a non-null value when exiting constructor. Consider adding the 'required' modifier or declaring the property as nullable. [C:\Users\chand\source\repos\TradeFxP\EmployeeManagementSystem\UserRoles.csproj]
C:\Users\chand\source\repos\TradeFxP\EmployeeManagementSystem\ViewModels\RenameColumnRequest.cs(6,23): warning CS8618: Non-nullable property 'Name' must contain a non-null value when exiting constructor. Consider adding the 'required' modifier or declaring the property as nullable. [C:\Users\chand\source\repos\TradeFxP\EmployeeManagementSystem\UserRoles.csproj]
C:\Users\chand\source\repos\TradeFxP\EmployeeManagementSystem\ViewModels\TaskHistoryDto.cs(19,23): warning CS8618: Non-nullable property 'ChangedByUserId' must contain a non-null value when exiting constructor. Consider adding the 'required' modifier or declaring the property as nullable. [C:\Users\chand\source\repos\TradeFxP\EmployeeManagementSystem\UserRoles.csproj]
C:\Users\chand\source\repos\TradeFxP\EmployeeManagementSystem\ViewModels\TaskHistoryDto.cs(20,23): warning CS8618: Non-nullable property 'ChangedByUserName' must contain a non-null value when exiting constructor. Consider adding the 'required' modifier or declaring the property as nullable. [C:\Users\chand\source\repos\TradeFxP\EmployeeManagementSystem\UserRoles.csproj]
C:\Users\chand\source\repos\TradeFxP\EmployeeManagementSystem\Controllers\UsersController.cs(1097,61): warning CS8625: Cannot convert null literal to non-nullable reference type. [C:\Users\chand\source\repos\TradeFxP\EmployeeManagementSystem\UserRoles.csproj]
C:\Users\chand\source\repos\TradeFxP\EmployeeManagementSystem\Controllers\UsersController.cs(1116,67): warning CS8625: Cannot convert null literal to non-nullable reference type. [C:\Users\chand\source\repos\TradeFxP\EmployeeManagementSystem\UserRoles.csproj]
C:\Users\chand\source\repos\TradeFxP\EmployeeManagementSystem\Services\TaskHistoryService.cs(218,39): warning CS8601: Possible null reference assignment. [C:\Users\chand\source\repos\TradeFxP\EmployeeManagementSystem\UserRoles.csproj]
C:\Users\chand\source\repos\TradeFxP\EmployeeManagementSystem\Services\TaskHistoryService.cs(219,41): warning CS8602: Dereference of a possibly null reference. [C:\Users\chand\source\repos\TradeFxP\EmployeeManagementSystem\UserRoles.csproj]
C:\Users\chand\source\repos\TradeFxP\EmployeeManagementSystem\Views\Users\ConfirmDeleteManager.cshtml(17,55): warning CS8602: Dereference of a possibly null reference. [C:\Users\chand\source\repos\TradeFxP\EmployeeManagementSystem\UserRoles.csproj]
C:\Users\chand\source\repos\TradeFxP\EmployeeManagementSystem\Views\Users\ConfirmDeleteManager.cshtml(24,36): warning CS8604: Possible null reference argument for parameter 'source' in 'IEnumerable<Users> Enumerable.Where<Users>(IEnumerable<Users> source, Func<Users, bool> predicate)'. [C:\Users\chand\source\repos\TradeFxP\EmployeeManagementSystem\UserRoles.csproj]
C:\Users\chand\source\repos\TradeFxP\EmployeeManagementSystem\Views\Users\ConfirmDeleteManager.cshtml(80,55): warning CS8602: Dereference of a possibly null reference. [C:\Users\chand\source\repos\TradeFxP\EmployeeManagementSystem\UserRoles.csproj]
C:\Users\chand\source\repos\TradeFxP\EmployeeManagementSystem\Services\FacebookLeadIngestionService.cs(296,17): warning CS8620: Argument of type '(string, string?, int)' cannot be used for parameter 'item' of type '(string Name, string Value, int Order)' in 'void List<(string Name, string Value, int Order)>.Add((string Name, string Value, int Order) item)' due to differences in the nullability of reference types. [C:\Users\chand\source\repos\TradeFxP\EmployeeManagementSystem\UserRoles.csproj]
C:\Users\chand\source\repos\TradeFxP\EmployeeManagementSystem\Services\FacebookLeadIngestionService.cs(297,17): warning CS8620: Argument of type '(string, string?, int)' cannot be used for parameter 'item' of type '(string Name, string Value, int Order)' in 'void List<(string Name, string Value, int Order)>.Add((string Name, string Value, int Order) item)' due to differences in the nullability of reference types. [C:\Users\chand\source\repos\TradeFxP\EmployeeManagementSystem\UserRoles.csproj]
C:\Users\chand\source\repos\TradeFxP\EmployeeManagementSystem\Services\FacebookLeadIngestionService.cs(298,17): warning CS8620: Argument of type '(string, string?, int)' cannot be used for parameter 'item' of type '(string Name, string Value, int Order)' in 'void List<(string Name, string Value, int Order)>.Add((string Name, string Value, int Order) item)' due to differences in the nullability of reference types. [C:\Users\chand\source\repos\TradeFxP\EmployeeManagementSystem\UserRoles.csproj]
C:\Users\chand\source\repos\TradeFxP\EmployeeManagementSystem\Services\FacebookLeadIngestionService.cs(299,17): warning CS8620: Argument of type '(string, string?, int)' cannot be used for parameter 'item' of type '(string Name, string Value, int Order)' in 'void List<(string Name, string Value, int Order)>.Add((string Name, string Value, int Order) item)' due to differences in the nullability of reference types. [C:\Users\chand\source\repos\TradeFxP\EmployeeManagementSystem\UserRoles.csproj]
C:\Users\chand\source\repos\TradeFxP\EmployeeManagementSystem\Controllers\ProjectController.cs(305,39): warning CS8602: Dereference of a possibly null reference. [C:\Users\chand\source\repos\TradeFxP\EmployeeManagementSystem\UserRoles.csproj]
C:\Users\chand\source\repos\TradeFxP\EmployeeManagementSystem\Controllers\ProjectController.cs(306,43): warning CS8602: Dereference of a possibly null reference. [C:\Users\chand\source\repos\TradeFxP\EmployeeManagementSystem\UserRoles.csproj]
C:\Users\chand\source\repos\TradeFxP\EmployeeManagementSystem\Controllers\ProjectController.cs(392,56): warning CS8602: Dereference of a possibly null reference. [C:\Users\chand\source\repos\TradeFxP\EmployeeManagementSystem\UserRoles.csproj]
C:\Users\chand\source\repos\TradeFxP\EmployeeManagementSystem\Controllers\ProjectController.cs(409,59): warning CS8602: Dereference of a possibly null reference. [C:\Users\chand\source\repos\TradeFxP\EmployeeManagementSystem\UserRoles.csproj]
C:\Users\chand\source\repos\TradeFxP\EmployeeManagementSystem\Controllers\ProjectController.cs(409,84): warning CS8602: Dereference of a possibly null reference. [C:\Users\chand\source\repos\TradeFxP\EmployeeManagementSystem\UserRoles.csproj]
C:\Users\chand\source\repos\TradeFxP\EmployeeManagementSystem\Controllers\ProjectController.cs(426,57): warning CS8602: Dereference of a possibly null reference. [C:\Users\chand\source\repos\TradeFxP\EmployeeManagementSystem\UserRoles.csproj]
C:\Users\chand\source\repos\TradeFxP\EmployeeManagementSystem\Controllers\ProjectController.cs(426,85): warning CS8602: Dereference of a possibly null reference. [C:\Users\chand\source\repos\TradeFxP\EmployeeManagementSystem\UserRoles.csproj]
C:\Users\chand\source\repos\TradeFxP\EmployeeManagementSystem\Controllers\ProjectController.cs(426,110): warning CS8602: Dereference of a possibly null reference. [C:\Users\chand\source\repos\TradeFxP\EmployeeManagementSystem\UserRoles.csproj]
C:\Users\chand\source\repos\TradeFxP\EmployeeManagementSystem\Services\TaskService.cs(749,86): warning CS8604: Possible null reference argument for parameter 'item' in 'bool List<string>.Contains(string item)'. [C:\Users\chand\source\repos\TradeFxP\EmployeeManagementSystem\UserRoles.csproj]
C:\Users\chand\source\repos\TradeFxP\EmployeeManagementSystem\Views\Reports\UserReports.cshtml(15,28): warning CS8600: Converting null literal or possible null value to non-nullable type. [C:\Users\chand\source\repos\TradeFxP\EmployeeManagementSystem\UserRoles.csproj]
C:\Users\chand\source\repos\TradeFxP\EmployeeManagementSystem\Views\Reports\UserReports.cshtml(16,27): warning CS8600: Converting null literal or possible null value to non-nullable type. [C:\Users\chand\source\repos\TradeFxP\EmployeeManagementSystem\UserRoles.csproj]
C:\Users\chand\source\repos\TradeFxP\EmployeeManagementSystem\Views\Reports\UserReports.cshtml(20,22): warning CS8600: Converting null literal or possible null value to non-nullable type. [C:\Users\chand\source\repos\TradeFxP\EmployeeManagementSystem\UserRoles.csproj]
C:\Users\chand\source\repos\TradeFxP\EmployeeManagementSystem\Views\Reports\Index.cshtml(14,27): warning CS8600: Converting null literal or possible null value to non-nullable type. [C:\Users\chand\source\repos\TradeFxP\EmployeeManagementSystem\UserRoles.csproj]
C:\Users\chand\source\repos\TradeFxP\EmployeeManagementSystem\Controllers\ProjectController.cs(722,45): warning CS8601: Possible null reference assignment. [C:\Users\chand\source\repos\TradeFxP\EmployeeManagementSystem\UserRoles.csproj]
C:\Users\chand\source\repos\TradeFxP\EmployeeManagementSystem\Controllers\ProjectController.cs(743,37): warning CS8601: Possible null reference assignment. [C:\Users\chand\source\repos\TradeFxP\EmployeeManagementSystem\UserRoles.csproj]
C:\Users\chand\source\repos\TradeFxP\EmployeeManagementSystem\Services\TaskService.cs(911,79): warning CS8601: Possible null reference assignment. [C:\Users\chand\source\repos\TradeFxP\EmployeeManagementSystem\UserRoles.csproj]
C:\Users\chand\source\repos\TradeFxP\EmployeeManagementSystem\Services\TaskService.cs(927,81): warning CS8601: Possible null reference assignment. [C:\Users\chand\source\repos\TradeFxP\EmployeeManagementSystem\UserRoles.csproj]
C:\Users\chand\source\repos\TradeFxP\EmployeeManagementSystem\Services\TaskService.cs(933,84): warning CS8601: Possible null reference assignment. [C:\Users\chand\source\repos\TradeFxP\EmployeeManagementSystem\UserRoles.csproj]
C:\Users\chand\source\repos\TradeFxP\EmployeeManagementSystem\Services\TaskService.cs(940,80): warning CS8601: Possible null reference assignment. [C:\Users\chand\source\repos\TradeFxP\EmployeeManagementSystem\UserRoles.csproj]
C:\Users\chand\source\repos\TradeFxP\EmployeeManagementSystem\Views\Reports\_UserReportsPanel.cshtml(14,28): warning CS8600: Converting null literal or possible null value to non-nullable type. [C:\Users\chand\source\repos\TradeFxP\EmployeeManagementSystem\UserRoles.csproj]
C:\Users\chand\source\repos\TradeFxP\EmployeeManagementSystem\Views\Reports\_UserReportsPanel.cshtml(15,27): warning CS8600: Converting null literal or possible null value to non-nullable type. [C:\Users\chand\source\repos\TradeFxP\EmployeeManagementSystem\UserRoles.csproj]
C:\Users\chand\source\repos\TradeFxP\EmployeeManagementSystem\Views\Reports\_UserReportsPanel.cshtml(16,22): warning CS8600: Converting null literal or possible null value to non-nullable type. [C:\Users\chand\source\repos\TradeFxP\EmployeeManagementSystem\UserRoles.csproj]
C:\Users\chand\source\repos\TradeFxP\EmployeeManagementSystem\Views\Tasks\_TaskBoard.cshtml(166,68): warning CS8602: Dereference of a possibly null reference. [C:\Users\chand\source\repos\TradeFxP\EmployeeManagementSystem\UserRoles.csproj]
C:\Users\chand\source\repos\TradeFxP\EmployeeManagementSystem\Views\Tasks\_TaskCard.cshtml(189,61): warning CS8602: Dereference of a possibly null reference. [C:\Users\chand\source\repos\TradeFxP\EmployeeManagementSystem\UserRoles.csproj]
C:\Users\chand\source\repos\TradeFxP\EmployeeManagementSystem\Views\Tasks\_TeamBoard.cshtml(413,43): warning CS8602: Dereference of a possibly null reference. [C:\Users\chand\source\repos\TradeFxP\EmployeeManagementSystem\UserRoles.csproj]
C:\Users\chand\source\repos\TradeFxP\EmployeeManagementSystem\Views\Tasks\_TeamBoard.cshtml(1973,45): warning CS0219: The variable 'isUnassigned' is assigned but its value is never used [C:\Users\chand\source\repos\TradeFxP\EmployeeManagementSystem\UserRoles.csproj]
C:\Users\chand\source\repos\TradeFxP\EmployeeManagementSystem\Views\Tasks\_TeamBoard.cshtml(2110,45): warning CS0219: The variable 'isUnassigned' is assigned but its value is never used [C:\Users\chand\source\repos\TradeFxP\EmployeeManagementSystem\UserRoles.csproj]

Build FAILED.

C:\Users\chand\source\repos\TradeFxP\EmployeeManagementSystem\Migrations\20251211135902_manager user.cs(10,26): warning CS8981: The type name 'manageruser' only contains lower-cased ascii characters. Such names may become reserved for the language. [C:\Users\chand\source\repos\TradeFxP\EmployeeManagementSystem\UserRoles.csproj]
C:\Users\chand\source\repos\TradeFxP\EmployeeManagementSystem\Migrations\20251211135902_manager user.Designer.cs(16,19): warning CS8981: The type name 'manageruser' only contains lower-cased ascii characters. Such names may become reserved for the language. [C:\Users\chand\source\repos\TradeFxP\EmployeeManagementSystem\UserRoles.csproj]
C:\Users\chand\source\repos\TradeFxP\EmployeeManagementSystem\Migrations\20251212070108_adminmanagerpass.cs(8,26): warning CS8981: The type name 'adminmanagerpass' only contains lower-cased ascii characters. Such names may become reserved for the language. [C:\Users\chand\source\repos\TradeFxP\EmployeeManagementSystem\UserRoles.csproj]
C:\Users\chand\source\repos\TradeFxP\EmployeeManagementSystem\Migrations\20251212070108_adminmanagerpass.Designer.cs(16,19): warning CS8981: The type name 'adminmanagerpass' only contains lower-cased ascii characters. Such names may become reserved for the language. [C:\Users\chand\source\repos\TradeFxP\EmployeeManagementSystem\UserRoles.csproj]
C:\Users\chand\source\repos\TradeFxP\EmployeeManagementSystem\Migrations\20251226174717_save todayreports.cs(9,26): warning CS8981: The type name 'savetodayreports' only contains lower-cased ascii characters. Such names may become reserved for the language. [C:\Users\chand\source\repos\TradeFxP\EmployeeManagementSystem\UserRoles.csproj]
C:\Users\chand\source\repos\TradeFxP\EmployeeManagementSystem\Migrations\20251226174717_save todayreports.Designer.cs(16,19): warning CS8981: The type name 'savetodayreports' only contains lower-cased ascii characters. Such names may become reserved for the language. [C:\Users\chand\source\repos\TradeFxP\EmployeeManagementSystem\UserRoles.csproj]
C:\Users\chand\source\repos\TradeFxP\EmployeeManagementSystem\Migrations\20260126125249_database add.cs(8,26): warning CS8981: The type name 'databaseadd' only contains lower-cased ascii characters. Such names may become reserved for the language. [C:\Users\chand\source\repos\TradeFxP\EmployeeManagementSystem\UserRoles.csproj]
C:\Users\chand\source\repos\TradeFxP\EmployeeManagementSystem\Migrations\20260126125249_database add.Designer.cs(16,19): warning CS8981: The type name 'databaseadd' only contains lower-cased ascii characters. Such names may become reserved for the language. [C:\Users\chand\source\repos\TradeFxP\EmployeeManagementSystem\UserRoles.csproj]
C:\Users\chand\source\repos\TradeFxP\EmployeeManagementSystem\Views\Shared\_Layout.cshtml(38,9): warning CS8602: Dereference of a possibly null reference. [C:\Users\chand\source\repos\TradeFxP\EmployeeManagementSystem\UserRoles.csproj]
C:\Users\chand\source\repos\TradeFxP\EmployeeManagementSystem\Controllers\ProfileController.cs(37,29): warning CS8601: Possible null reference assignment. [C:\Users\chand\source\repos\TradeFxP\EmployeeManagementSystem\UserRoles.csproj]
C:\Users\chand\source\repos\TradeFxP\EmployeeManagementSystem\Controllers\ProfileController.cs(38,27): warning CS8601: Possible null reference assignment. [C:\Users\chand\source\repos\TradeFxP\EmployeeManagementSystem\UserRoles.csproj]
C:\Users\chand\source\repos\TradeFxP\EmployeeManagementSystem\Controllers\ProfileController.cs(39,25): warning CS8601: Possible null reference assignment. [C:\Users\chand\source\repos\TradeFxP\EmployeeManagementSystem\UserRoles.csproj]
C:\Users\chand\source\repos\TradeFxP\EmployeeManagementSystem\Controllers\ProfileController.cs(40,32): warning CS8601: Possible null reference assignment. [C:\Users\chand\source\repos\TradeFxP\EmployeeManagementSystem\UserRoles.csproj]
C:\Users\chand\source\repos\TradeFxP\EmployeeManagementSystem\Controllers\CommunicationController.cs(60,43): warning CS8602: Dereference of a possibly null reference. [C:\Users\chand\source\repos\TradeFxP\EmployeeManagementSystem\UserRoles.csproj]
C:\Users\chand\source\repos\TradeFxP\EmployeeManagementSystem\Controllers\ProfileController.cs(59,29): warning CS8601: Possible null reference assignment. [C:\Users\chand\source\repos\TradeFxP\EmployeeManagementSystem\UserRoles.csproj]
C:\Users\chand\source\repos\TradeFxP\EmployeeManagementSystem\Controllers\ProfileController.cs(60,25): warning CS8601: Possible null reference assignment. [C:\Users\chand\source\repos\TradeFxP\EmployeeManagementSystem\UserRoles.csproj]
C:\Users\chand\source\repos\TradeFxP\EmployeeManagementSystem\Controllers\ProfileController.cs(61,27): warning CS8601: Possible null reference assignment. [C:\Users\chand\source\repos\TradeFxP\EmployeeManagementSystem\UserRoles.csproj]
C:\Users\chand\source\repos\TradeFxP\EmployeeManagementSystem\Controllers\ProfileController.cs(62,32): warning CS8601: Possible null reference assignment. [C:\Users\chand\source\repos\TradeFxP\EmployeeManagementSystem\UserRoles.csproj]
C:\Users\chand\source\repos\TradeFxP\EmployeeManagementSystem\Controllers\ReportsController.cs(99,39): warning CS8601: Possible null reference assignment. [C:\Users\chand\source\repos\TradeFxP\EmployeeManagementSystem\UserRoles.csproj]
C:\Users\chand\source\repos\TradeFxP\EmployeeManagementSystem\Controllers\UsersController.cs(258,84): warning CS8604: Possible null reference argument for parameter 'rootManagerId' in 'Task<List<string>> IUserHierarchyService.GetVisibleManagerIdsAsync(string rootManagerId)'. [C:\Users\chand\source\repos\TradeFxP\EmployeeManagementSystem\UserRoles.csproj]
C:\Users\chand\source\repos\TradeFxP\EmployeeManagementSystem\Controllers\UsersController.cs(277,84): warning CS8604: Possible null reference argument for parameter 'rootManagerId' in 'Task<List<string>> IUserHierarchyService.GetVisibleManagerIdsAsync(string rootManagerId)'. [C:\Users\chand\source\repos\TradeFxP\EmployeeManagementSystem\UserRoles.csproj]
C:\Users\chand\source\repos\TradeFxP\EmployeeManagementSystem\Controllers\UsersController.cs(280,41): warning CS8604: Possible null reference argument for parameter 'item' in 'bool List<string>.Contains(string item)'. [C:\Users\chand\source\repos\TradeFxP\EmployeeManagementSystem\UserRoles.csproj]
C:\Users\chand\source\repos\TradeFxP\EmployeeManagementSystem\Controllers\CommunicationController.cs(78,43): warning CS8602: Dereference of a possibly null reference. [C:\Users\chand\source\repos\TradeFxP\EmployeeManagementSystem\UserRoles.csproj]
C:\Users\chand\source\repos\TradeFxP\EmployeeManagementSystem\Controllers\UsersController.cs(360,84): warning CS8604: Possible null reference argument for parameter 'rootManagerId' in 'Task<List<string>> IUserHierarchyService.GetVisibleManagerIdsAsync(string rootManagerId)'. [C:\Users\chand\source\repos\TradeFxP\EmployeeManagementSystem\UserRoles.csproj]
C:\Users\chand\source\repos\TradeFxP\EmployeeManagementSystem\Controllers\UsersController.cs(363,41): warning CS8604: Possible null reference argument for parameter 'item' in 'bool List<string>.Contains(string item)'. [C:\Users\chand\source\repos\TradeFxP\EmployeeManagementSystem\UserRoles.csproj]
C:\Users\chand\source\repos\TradeFxP\EmployeeManagementSystem\Controllers\CommunicationController.cs(118,47): warning CS8602: Dereference of a possibly null reference. [C:\Users\chand\source\repos\TradeFxP\EmployeeManagementSystem\UserRoles.csproj]
C:\Users\chand\source\repos\TradeFxP\EmployeeManagementSystem\Controllers\CommunicationController.cs(145,47): warning CS8602: Dereference of a possibly null reference. [C:\Users\chand\source\repos\TradeFxP\EmployeeManagementSystem\UserRoles.csproj]
C:\Users\chand\source\repos\TradeFxP\EmployeeManagementSystem\Controllers\OrgChartController.cs(63,30): warning CS8600: Converting null literal or possible null value to non-nullable type. [C:\Users\chand\source\repos\TradeFxP\EmployeeManagementSystem\UserRoles.csproj]
C:\Users\chand\source\repos\TradeFxP\EmployeeManagementSystem\Controllers\TaskCustomFieldsController.cs(145,51): warning CS8602: Dereference of a possibly null reference. [C:\Users\chand\source\repos\TradeFxP\EmployeeManagementSystem\UserRoles.csproj]
C:\Users\chand\source\repos\TradeFxP\EmployeeManagementSystem\Controllers\CommunicationController.cs(221,61): warning CS8602: Dereference of a possibly null reference. [C:\Users\chand\source\repos\TradeFxP\EmployeeManagementSystem\UserRoles.csproj]
C:\Users\chand\source\repos\TradeFxP\EmployeeManagementSystem\Controllers\CommunicationController.cs(222,64): warning CS8602: Dereference of a possibly null reference. [C:\Users\chand\source\repos\TradeFxP\EmployeeManagementSystem\UserRoles.csproj]
C:\Users\chand\source\repos\TradeFxP\EmployeeManagementSystem\Controllers\TaskCustomFieldsController.cs(186,41): warning CS8600: Converting null literal or possible null value to non-nullable type. [C:\Users\chand\source\repos\TradeFxP\EmployeeManagementSystem\UserRoles.csproj]
C:\Users\chand\source\repos\TradeFxP\EmployeeManagementSystem\Controllers\TaskCustomFieldsController.cs(190,30): warning CS8600: Converting null literal or possible null value to non-nullable type. [C:\Users\chand\source\repos\TradeFxP\EmployeeManagementSystem\UserRoles.csproj]
C:\Users\chand\source\repos\TradeFxP\EmployeeManagementSystem\Controllers\TaskCustomFieldsController.cs(194,30): warning CS8600: Converting null literal or possible null value to non-nullable type. [C:\Users\chand\source\repos\TradeFxP\EmployeeManagementSystem\UserRoles.csproj]
C:\Users\chand\source\repos\TradeFxP\EmployeeManagementSystem\Controllers\TaskMoveRequestsController.cs(115,74): warning CS8604: Possible null reference argument for parameter 'json' in 'List<MoveRequest>? JsonSerializer.Deserialize<List<MoveRequest>>(string json, JsonSerializerOptions? options = null)'. [C:\Users\chand\source\repos\TradeFxP\EmployeeManagementSystem\UserRoles.csproj]
C:\Users\chand\source\repos\TradeFxP\EmployeeManagementSystem\Controllers\UsersController.cs(812,20): warning CS8600: Converting null literal or possible null value to non-nullable type. [C:\Users\chand\source\repos\TradeFxP\EmployeeManagementSystem\UserRoles.csproj]
C:\Users\chand\source\repos\TradeFxP\EmployeeManagementSystem\Controllers\UsersController.cs(813,21): warning CS8600: Converting null literal or possible null value to non-nullable type. [C:\Users\chand\source\repos\TradeFxP\EmployeeManagementSystem\UserRoles.csproj]
C:\Users\chand\source\repos\TradeFxP\EmployeeManagementSystem\Controllers\UsersController.cs(816,64): warning CS8604: Possible null reference argument for parameter 'email' in 'Task<Users?> UserManager<Users>.FindByEmailAsync(string email)'. [C:\Users\chand\source\repos\TradeFxP\EmployeeManagementSystem\UserRoles.csproj]
C:\Users\chand\source\repos\TradeFxP\EmployeeManagementSystem\DTOs\UpdateTaskDto.cs(9,23): warning CS8618: Non-nullable property 'Title' must contain a non-null value when exiting constructor. Consider adding the 'required' modifier or declaring the property as nullable. [C:\Users\chand\source\repos\TradeFxP\EmployeeManagementSystem\UserRoles.csproj]
C:\Users\chand\source\repos\TradeFxP\EmployeeManagementSystem\DTOs\UpdateTaskDto.cs(10,23): warning CS8618: Non-nullable property 'Description' must contain a non-null value when exiting constructor. Consider adding the 'required' modifier or declaring the property as nullable. [C:\Users\chand\source\repos\TradeFxP\EmployeeManagementSystem\UserRoles.csproj]
C:\Users\chand\source\repos\TradeFxP\EmployeeManagementSystem\DTOs\TaskDtos.cs(77,23): warning CS8618: Non-nullable property 'TeamName' must contain a non-null value when exiting constructor. Consider adding the 'required' modifier or declaring the property as nullable. [C:\Users\chand\source\repos\TradeFxP\EmployeeManagementSystem\UserRoles.csproj]
C:\Users\chand\source\repos\TradeFxP\EmployeeManagementSystem\DTOs\TaskDtos.cs(52,23): warning CS8618: Non-nullable property 'TeamName' must contain a non-null value when exiting constructor. Consider adding the 'required' modifier or declaring the property as nullable. [C:\Users\chand\source\repos\TradeFxP\EmployeeManagementSystem\UserRoles.csproj]
C:\Users\chand\source\repos\TradeFxP\EmployeeManagementSystem\DTOs\TaskDtos.cs(25,26): warning CS8618: Non-nullable property 'TaskIds' must contain a non-null value when exiting constructor. Consider adding the 'required' modifier or declaring the property as nullable. [C:\Users\chand\source\repos\TradeFxP\EmployeeManagementSystem\UserRoles.csproj]
C:\Users\chand\source\repos\TradeFxP\EmployeeManagementSystem\DTOs\TaskDtos.cs(26,23): warning CS8618: Non-nullable property 'UserId' must contain a non-null value when exiting constructor. Consider adding the 'required' modifier or declaring the property as nullable. [C:\Users\chand\source\repos\TradeFxP\EmployeeManagementSystem\UserRoles.csproj]
C:\Users\chand\source\repos\TradeFxP\EmployeeManagementSystem\Controllers\TaskMoveRequestsController.cs(161,74): warning CS8604: Possible null reference argument for parameter 'json' in 'List<MoveRequest>? JsonSerializer.Deserialize<List<MoveRequest>>(string json, JsonSerializerOptions? options = null)'. [C:\Users\chand\source\repos\TradeFxP\EmployeeManagementSystem\UserRoles.csproj]
C:\Users\chand\source\repos\TradeFxP\EmployeeManagementSystem\Controllers\TeamsController.cs(114,27): warning CS8618: Non-nullable property 'Name' must contain a non-null value when exiting constructor. Consider adding the 'required' modifier or declaring the property as nullable. [C:\Users\chand\source\repos\TradeFxP\EmployeeManagementSystem\UserRoles.csproj]
C:\Users\chand\source\repos\TradeFxP\EmployeeManagementSystem\Views\Users\Managers.cshtml(5,21): warning CS8600: Converting null literal or possible null value to non-nullable type. [C:\Users\chand\source\repos\TradeFxP\EmployeeManagementSystem\UserRoles.csproj]
C:\Users\chand\source\repos\TradeFxP\EmployeeManagementSystem\Controllers\TaskReviewController.cs(222,63): warning CS8602: Dereference of a possibly null reference. [C:\Users\chand\source\repos\TradeFxP\EmployeeManagementSystem\UserRoles.csproj]
C:\Users\chand\source\repos\TradeFxP\EmployeeManagementSystem\ViewModels\VerfiyEmailViewmodel.cs(9,23): warning CS8618: Non-nullable property 'Email' must contain a non-null value when exiting constructor. Consider adding the 'required' modifier or declaring the property as nullable. [C:\Users\chand\source\repos\TradeFxP\EmployeeManagementSystem\UserRoles.csproj]
C:\Users\chand\source\repos\TradeFxP\EmployeeManagementSystem\ViewModels\AddColumnRequest.cs(9,23): warning CS8618: Non-nullable property 'Team' must contain a non-null value when exiting constructor. Consider adding the 'required' modifier or declaring the property as nullable. [C:\Users\chand\source\repos\TradeFxP\EmployeeManagementSystem\UserRoles.csproj]
C:\Users\chand\source\repos\TradeFxP\EmployeeManagementSystem\ViewModels\AddColumnRequest.cs(12,23): warning CS8618: Non-nullable property 'ColumnName' must contain a non-null value when exiting constructor. Consider adding the 'required' modifier or declaring the property as nullable. [C:\Users\chand\source\repos\TradeFxP\EmployeeManagementSystem\UserRoles.csproj]
C:\Users\chand\source\repos\TradeFxP\EmployeeManagementSystem\ViewModels\AddReportPanelViewModel.cs(6,23): warning CS8618: Non-nullable property 'TargetUserId' must contain a non-null value when exiting constructor. Consider adding the 'required' modifier or declaring the property as nullable. [C:\Users\chand\source\repos\TradeFxP\EmployeeManagementSystem\UserRoles.csproj]
C:\Users\chand\source\repos\TradeFxP\EmployeeManagementSystem\ViewModels\AddReportPanelViewModel.cs(7,23): warning CS8618: Non-nullable property 'ReportOwnerName' must contain a non-null value when exiting constructor. Consider adding the 'required' modifier or declaring the property as nullable. [C:\Users\chand\source\repos\TradeFxP\EmployeeManagementSystem\UserRoles.csproj]
C:\Users\chand\source\repos\TradeFxP\EmployeeManagementSystem\ViewModels\AddReportPanelViewModel.cs(8,23): warning CS8618: Non-nullable property 'Date' must contain a non-null value when exiting constructor. Consider adding the 'required' modifier or declaring the property as nullable. [C:\Users\chand\source\repos\TradeFxP\EmployeeManagementSystem\UserRoles.csproj]
C:\Users\chand\source\repos\TradeFxP\EmployeeManagementSystem\Models\OrgNodeViewModel.cs(5,23): warning CS8618: Non-nullable property 'Id' must contain a non-null value when exiting constructor. Consider adding the 'required' modifier or declaring the property as nullable. [C:\Users\chand\source\repos\TradeFxP\EmployeeManagementSystem\UserRoles.csproj]
C:\Users\chand\source\repos\TradeFxP\EmployeeManagementSystem\Models\OrgNodeViewModel.cs(6,23): warning CS8618: Non-nullable property 'Name' must contain a non-null value when exiting constructor. Consider adding the 'required' modifier or declaring the property as nullable. [C:\Users\chand\source\repos\TradeFxP\EmployeeManagementSystem\UserRoles.csproj]
C:\Users\chand\source\repos\TradeFxP\EmployeeManagementSystem\Models\OrgNodeViewModel.cs(7,23): warning CS8618: Non-nullable property 'Role' must contain a non-null value when exiting constructor. Consider adding the 'required' modifier or declaring the property as nullable. [C:\Users\chand\source\repos\TradeFxP\EmployeeManagementSystem\UserRoles.csproj]
C:\Users\chand\source\repos\TradeFxP\EmployeeManagementSystem\ViewModels\LoginViewModel.cs(9,23): warning CS8618: Non-nullable property 'Email' must contain a non-null value when exiting constructor. Consider adding the 'required' modifier or declaring the property as nullable. [C:\Users\chand\source\repos\TradeFxP\EmployeeManagementSystem\UserRoles.csproj]
C:\Users\chand\source\repos\TradeFxP\EmployeeManagementSystem\ViewModels\LoginViewModel.cs(13,23): warning CS8618: Non-nullable property 'Password' must contain a non-null value when exiting constructor. Consider adding the 'required' modifier or declaring the property as nullable. [C:\Users\chand\source\repos\TradeFxP\EmployeeManagementSystem\UserRoles.csproj]
C:\Users\chand\source\repos\TradeFxP\EmployeeManagementSystem\ViewModels\ProfileViewModel.cs(11,23): warning CS8618: Non-nullable property 'FirstName' must contain a non-null value when exiting constructor. Consider adding the 'required' modifier or declaring the property as nullable. [C:\Users\chand\source\repos\TradeFxP\EmployeeManagementSystem\UserRoles.csproj]
C:\Users\chand\source\repos\TradeFxP\EmployeeManagementSystem\ViewModels\ProfileViewModel.cs(16,23): warning CS8618: Non-nullable property 'Email' must contain a non-null value when exiting constructor. Consider adding the 'required' modifier or declaring the property as nullable. [C:\Users\chand\source\repos\TradeFxP\EmployeeManagementSystem\UserRoles.csproj]
C:\Users\chand\source\repos\TradeFxP\EmployeeManagementSystem\ViewModels\ProfileViewModel.cs(21,23): warning CS8618: Non-nullable property 'MobileNumber' must contain a non-null value when exiting constructor. Consider adding the 'required' modifier or declaring the property as nullable. [C:\Users\chand\source\repos\TradeFxP\EmployeeManagementSystem\UserRoles.csproj]
C:\Users\chand\source\repos\TradeFxP\EmployeeManagementSystem\ViewModels\ProfileViewModel.cs(24,23): warning CS8618: Non-nullable property 'Address' must contain a non-null value when exiting constructor. Consider adding the 'required' modifier or declaring the property as nullable. [C:\Users\chand\source\repos\TradeFxP\EmployeeManagementSystem\UserRoles.csproj]
C:\Users\chand\source\repos\TradeFxP\EmployeeManagementSystem\ViewModels\ProfileViewModel.cs(32,23): warning CS8618: Non-nullable property 'UserId' must contain a non-null value when exiting constructor. Consider adding the 'required' modifier or declaring the property as nullable. [C:\Users\chand\source\repos\TradeFxP\EmployeeManagementSystem\UserRoles.csproj]
C:\Users\chand\source\repos\TradeFxP\EmployeeManagementSystem\ViewModels\RegisterViewModel.cs(8,23): warning CS8618: Non-nullable property 'Name' must contain a non-null value when exiting constructor. Consider adding the 'required' modifier or declaring the property as nullable. [C:\Users\chand\source\repos\TradeFxP\EmployeeManagementSystem\UserRoles.csproj]
C:\Users\chand\source\repos\TradeFxP\EmployeeManagementSystem\ViewModels\RegisterViewModel.cs(12,23): warning CS8618: Non-nullable property 'Email' must contain a non-null value when exiting constructor. Consider adding the 'required' modifier or declaring the property as nullable. [C:\Users\chand\source\repos\TradeFxP\EmployeeManagementSystem\UserRoles.csproj]
C:\Users\chand\source\repos\TradeFxP\EmployeeManagementSystem\ViewModels\RegisterViewModel.cs(18,23): warning CS8618: Non-nullable property 'Password' must contain a non-null value when exiting constructor. Consider adding the 'required' modifier or declaring the property as nullable. [C:\Users\chand\source\repos\TradeFxP\EmployeeManagementSystem\UserRoles.csproj]
C:\Users\chand\source\repos\TradeFxP\EmployeeManagementSystem\ViewModels\RegisterViewModel.cs(23,23): warning CS8618: Non-nullable property 'ConfirmPassword' must contain a non-null value when exiting constructor. Consider adding the 'required' modifier or declaring the property as nullable. [C:\Users\chand\source\repos\TradeFxP\EmployeeManagementSystem\UserRoles.csproj]
C:\Users\chand\source\repos\TradeFxP\EmployeeManagementSystem\ViewModels\RenameColumnRequest.cs(6,23): warning CS8618: Non-nullable property 'Name' must contain a non-null value when exiting constructor. Consider adding the 'required' modifier or declaring the property as nullable. [C:\Users\chand\source\repos\TradeFxP\EmployeeManagementSystem\UserRoles.csproj]
C:\Users\chand\source\repos\TradeFxP\EmployeeManagementSystem\ViewModels\TaskHistoryDto.cs(19,23): warning CS8618: Non-nullable property 'ChangedByUserId' must contain a non-null value when exiting constructor. Consider adding the 'required' modifier or declaring the property as nullable. [C:\Users\chand\source\repos\TradeFxP\EmployeeManagementSystem\UserRoles.csproj]
C:\Users\chand\source\repos\TradeFxP\EmployeeManagementSystem\ViewModels\TaskHistoryDto.cs(20,23): warning CS8618: Non-nullable property 'ChangedByUserName' must contain a non-null value when exiting constructor. Consider adding the 'required' modifier or declaring the property as nullable. [C:\Users\chand\source\repos\TradeFxP\EmployeeManagementSystem\UserRoles.csproj]
C:\Users\chand\source\repos\TradeFxP\EmployeeManagementSystem\Controllers\UsersController.cs(1097,61): warning CS8625: Cannot convert null literal to non-nullable reference type. [C:\Users\chand\source\repos\TradeFxP\EmployeeManagementSystem\UserRoles.csproj]
C:\Users\chand\source\repos\TradeFxP\EmployeeManagementSystem\Controllers\UsersController.cs(1116,67): warning CS8625: Cannot convert null literal to non-nullable reference type. [C:\Users\chand\source\repos\TradeFxP\EmployeeManagementSystem\UserRoles.csproj]
C:\Users\chand\source\repos\TradeFxP\EmployeeManagementSystem\Services\TaskHistoryService.cs(218,39): warning CS8601: Possible null reference assignment. [C:\Users\chand\source\repos\TradeFxP\EmployeeManagementSystem\UserRoles.csproj]
C:\Users\chand\source\repos\TradeFxP\EmployeeManagementSystem\Services\TaskHistoryService.cs(219,41): warning CS8602: Dereference of a possibly null reference. [C:\Users\chand\source\repos\TradeFxP\EmployeeManagementSystem\UserRoles.csproj]
C:\Users\chand\source\repos\TradeFxP\EmployeeManagementSystem\Views\Users\ConfirmDeleteManager.cshtml(17,55): warning CS8602: Dereference of a possibly null reference. [C:\Users\chand\source\repos\TradeFxP\EmployeeManagementSystem\UserRoles.csproj]
C:\Users\chand\source\repos\TradeFxP\EmployeeManagementSystem\Views\Users\ConfirmDeleteManager.cshtml(24,36): warning CS8604: Possible null reference argument for parameter 'source' in 'IEnumerable<Users> Enumerable.Where<Users>(IEnumerable<Users> source, Func<Users, bool> predicate)'. [C:\Users\chand\source\repos\TradeFxP\EmployeeManagementSystem\UserRoles.csproj]
C:\Users\chand\source\repos\TradeFxP\EmployeeManagementSystem\Views\Users\ConfirmDeleteManager.cshtml(80,55): warning CS8602: Dereference of a possibly null reference. [C:\Users\chand\source\repos\TradeFxP\EmployeeManagementSystem\UserRoles.csproj]
C:\Users\chand\source\repos\TradeFxP\EmployeeManagementSystem\Services\FacebookLeadIngestionService.cs(296,17): warning CS8620: Argument of type '(string, string?, int)' cannot be used for parameter 'item' of type '(string Name, string Value, int Order)' in 'void List<(string Name, string Value, int Order)>.Add((string Name, string Value, int Order) item)' due to differences in the nullability of reference types. [C:\Users\chand\source\repos\TradeFxP\EmployeeManagementSystem\UserRoles.csproj]
C:\Users\chand\source\repos\TradeFxP\EmployeeManagementSystem\Services\FacebookLeadIngestionService.cs(297,17): warning CS8620: Argument of type '(string, string?, int)' cannot be used for parameter 'item' of type '(string Name, string Value, int Order)' in 'void List<(string Name, string Value, int Order)>.Add((string Name, string Value, int Order) item)' due to differences in the nullability of reference types. [C:\Users\chand\source\repos\TradeFxP\EmployeeManagementSystem\UserRoles.csproj]
C:\Users\chand\source\repos\TradeFxP\EmployeeManagementSystem\Services\FacebookLeadIngestionService.cs(298,17): warning CS8620: Argument of type '(string, string?, int)' cannot be used for parameter 'item' of type '(string Name, string Value, int Order)' in 'void List<(string Name, string Value, int Order)>.Add((string Name, string Value, int Order) item)' due to differences in the nullability of reference types. [C:\Users\chand\source\repos\TradeFxP\EmployeeManagementSystem\UserRoles.csproj]
C:\Users\chand\source\repos\TradeFxP\EmployeeManagementSystem\Services\FacebookLeadIngestionService.cs(299,17): warning CS8620: Argument of type '(string, string?, int)' cannot be used for parameter 'item' of type '(string Name, string Value, int Order)' in 'void List<(string Name, string Value, int Order)>.Add((string Name, string Value, int Order) item)' due to differences in the nullability of reference types. [C:\Users\chand\source\repos\TradeFxP\EmployeeManagementSystem\UserRoles.csproj]
C:\Users\chand\source\repos\TradeFxP\EmployeeManagementSystem\Controllers\ProjectController.cs(305,39): warning CS8602: Dereference of a possibly null reference. [C:\Users\chand\source\repos\TradeFxP\EmployeeManagementSystem\UserRoles.csproj]
C:\Users\chand\source\repos\TradeFxP\EmployeeManagementSystem\Controllers\ProjectController.cs(306,43): warning CS8602: Dereference of a possibly null reference. [C:\Users\chand\source\repos\TradeFxP\EmployeeManagementSystem\UserRoles.csproj]
C:\Users\chand\source\repos\TradeFxP\EmployeeManagementSystem\Controllers\ProjectController.cs(392,56): warning CS8602: Dereference of a possibly null reference. [C:\Users\chand\source\repos\TradeFxP\EmployeeManagementSystem\UserRoles.csproj]
C:\Users\chand\source\repos\TradeFxP\EmployeeManagementSystem\Controllers\ProjectController.cs(409,59): warning CS8602: Dereference of a possibly null reference. [C:\Users\chand\source\repos\TradeFxP\EmployeeManagementSystem\UserRoles.csproj]
C:\Users\chand\source\repos\TradeFxP\EmployeeManagementSystem\Controllers\ProjectController.cs(409,84): warning CS8602: Dereference of a possibly null reference. [C:\Users\chand\source\repos\TradeFxP\EmployeeManagementSystem\UserRoles.csproj]
C:\Users\chand\source\repos\TradeFxP\EmployeeManagementSystem\Controllers\ProjectController.cs(426,57): warning CS8602: Dereference of a possibly null reference. [C:\Users\chand\source\repos\TradeFxP\EmployeeManagementSystem\UserRoles.csproj]
C:\Users\chand\source\repos\TradeFxP\EmployeeManagementSystem\Controllers\ProjectController.cs(426,85): warning CS8602: Dereference of a possibly null reference. [C:\Users\chand\source\repos\TradeFxP\EmployeeManagementSystem\UserRoles.csproj]
C:\Users\chand\source\repos\TradeFxP\EmployeeManagementSystem\Controllers\ProjectController.cs(426,110): warning CS8602: Dereference of a possibly null reference. [C:\Users\chand\source\repos\TradeFxP\EmployeeManagementSystem\UserRoles.csproj]
C:\Users\chand\source\repos\TradeFxP\EmployeeManagementSystem\Services\TaskService.cs(749,86): warning CS8604: Possible null reference argument for parameter 'item' in 'bool List<string>.Contains(string item)'. [C:\Users\chand\source\repos\TradeFxP\EmployeeManagementSystem\UserRoles.csproj]
C:\Users\chand\source\repos\TradeFxP\EmployeeManagementSystem\Views\Reports\UserReports.cshtml(15,28): warning CS8600: Converting null literal or possible null value to non-nullable type. [C:\Users\chand\source\repos\TradeFxP\EmployeeManagementSystem\UserRoles.csproj]
C:\Users\chand\source\repos\TradeFxP\EmployeeManagementSystem\Views\Reports\UserReports.cshtml(16,27): warning CS8600: Converting null literal or possible null value to non-nullable type. [C:\Users\chand\source\repos\TradeFxP\EmployeeManagementSystem\UserRoles.csproj]
C:\Users\chand\source\repos\TradeFxP\EmployeeManagementSystem\Views\Reports\UserReports.cshtml(20,22): warning CS8600: Converting null literal or possible null value to non-nullable type. [C:\Users\chand\source\repos\TradeFxP\EmployeeManagementSystem\UserRoles.csproj]
C:\Users\chand\source\repos\TradeFxP\EmployeeManagementSystem\Views\Reports\Index.cshtml(14,27): warning CS8600: Converting null literal or possible null value to non-nullable type. [C:\Users\chand\source\repos\TradeFxP\EmployeeManagementSystem\UserRoles.csproj]
C:\Users\chand\source\repos\TradeFxP\EmployeeManagementSystem\Controllers\ProjectController.cs(722,45): warning CS8601: Possible null reference assignment. [C:\Users\chand\source\repos\TradeFxP\EmployeeManagementSystem\UserRoles.csproj]
C:\Users\chand\source\repos\TradeFxP\EmployeeManagementSystem\Controllers\ProjectController.cs(743,37): warning CS8601: Possible null reference assignment. [C:\Users\chand\source\repos\TradeFxP\EmployeeManagementSystem\UserRoles.csproj]
C:\Users\chand\source\repos\TradeFxP\EmployeeManagementSystem\Services\TaskService.cs(911,79): warning CS8601: Possible null reference assignment. [C:\Users\chand\source\repos\TradeFxP\EmployeeManagementSystem\UserRoles.csproj]
C:\Users\chand\source\repos\TradeFxP\EmployeeManagementSystem\Services\TaskService.cs(927,81): warning CS8601: Possible null reference assignment. [C:\Users\chand\source\repos\TradeFxP\EmployeeManagementSystem\UserRoles.csproj]
C:\Users\chand\source\repos\TradeFxP\EmployeeManagementSystem\Services\TaskService.cs(933,84): warning CS8601: Possible null reference assignment. [C:\Users\chand\source\repos\TradeFxP\EmployeeManagementSystem\UserRoles.csproj]
C:\Users\chand\source\repos\TradeFxP\EmployeeManagementSystem\Services\TaskService.cs(940,80): warning CS8601: Possible null reference assignment. [C:\Users\chand\source\repos\TradeFxP\EmployeeManagementSystem\UserRoles.csproj]
C:\Users\chand\source\repos\TradeFxP\EmployeeManagementSystem\Views\Reports\_UserReportsPanel.cshtml(14,28): warning CS8600: Converting null literal or possible null value to non-nullable type. [C:\Users\chand\source\repos\TradeFxP\EmployeeManagementSystem\UserRoles.csproj]
C:\Users\chand\source\repos\TradeFxP\EmployeeManagementSystem\Views\Reports\_UserReportsPanel.cshtml(15,27): warning CS8600: Converting null literal or possible null value to non-nullable type. [C:\Users\chand\source\repos\TradeFxP\EmployeeManagementSystem\UserRoles.csproj]
C:\Users\chand\source\repos\TradeFxP\EmployeeManagementSystem\Views\Reports\_UserReportsPanel.cshtml(16,22): warning CS8600: Converting null literal or possible null value to non-nullable type. [C:\Users\chand\source\repos\TradeFxP\EmployeeManagementSystem\UserRoles.csproj]
C:\Users\chand\source\repos\TradeFxP\EmployeeManagementSystem\Views\Tasks\_TaskBoard.cshtml(166,68): warning CS8602: Dereference of a possibly null reference. [C:\Users\chand\source\repos\TradeFxP\EmployeeManagementSystem\UserRoles.csproj]
C:\Users\chand\source\repos\TradeFxP\EmployeeManagementSystem\Views\Tasks\_TaskCard.cshtml(189,61): warning CS8602: Dereference of a possibly null reference. [C:\Users\chand\source\repos\TradeFxP\EmployeeManagementSystem\UserRoles.csproj]
C:\Users\chand\source\repos\TradeFxP\EmployeeManagementSystem\Views\Tasks\_TeamBoard.cshtml(413,43): warning CS8602: Dereference of a possibly null reference. [C:\Users\chand\source\repos\TradeFxP\EmployeeManagementSystem\UserRoles.csproj]
C:\Users\chand\source\repos\TradeFxP\EmployeeManagementSystem\Views\Tasks\_TeamBoard.cshtml(1973,45): warning CS0219: The variable 'isUnassigned' is assigned but its value is never used [C:\Users\chand\source\repos\TradeFxP\EmployeeManagementSystem\UserRoles.csproj]
C:\Users\chand\source\repos\TradeFxP\EmployeeManagementSystem\Views\Tasks\_TeamBoard.cshtml(2110,45): warning CS0219: The variable 'isUnassigned' is assigned but its value is never used [C:\Users\chand\source\repos\TradeFxP\EmployeeManagementSystem\UserRoles.csproj]
C:\Users\chand\source\repos\TradeFxP\EmployeeManagementSystem\Controllers\CommunicationController.cs(202,17): error CS0103: The name '_logger' does not exist in the current context [C:\Users\chand\source\repos\TradeFxP\EmployeeManagementSystem\UserRoles.csproj]
C:\Users\chand\source\repos\TradeFxP\EmployeeManagementSystem\Controllers\CommunicationController.cs(267,17): error CS0103: The name '_logger' does not exist in the current context [C:\Users\chand\source\repos\TradeFxP\EmployeeManagementSystem\UserRoles.csproj]
    109 Warning(s)
    2 Error(s)

Time Elapsed 00:00:07.85
